******************************************************************************
                  TI ARM Linker PC v20.2.0                     
******************************************************************************
>> Linked Mon Jul 13 20:20:54 2020

OUTPUT FILE NAME:   <Serial_Calculator.out>
ENTRY POINT SYMBOL: "_c_int00_noargs"  address: 00005855


MEMORY CONFIGURATION

         name            origin    length      used     unused   attr    fill
----------------------  --------  ---------  --------  --------  ----  --------
  FLASH                 00000000   00040000  00005eb3  0003a14d  R  X
  SRAM                  20000000   00008000  000006f1  0000790f  RW X


SEGMENT ALLOCATION MAP

run origin  load origin   length   init length attrs members
----------  ----------- ---------- ----------- ----- -------
00000000    00000000    00005eb8   00005eb8    r-x
  00000000    00000000    0000026c   0000026c    r-- .intvecs
  0000026c    0000026c    000057f0   000057f0    r-x .text
  00005a60    00005a60    00000417   00000417    r-- .const
  00005e78    00005e78    00000040   00000040    r-- .cinit
20000000    20000000    000006f8   00000000    rw-
  20000000    20000000    0000026c   00000000    rw- .vtable
  20000270    20000270    00000400   00000000    rw- .stack
  20000670    20000670    00000069   00000000    rw- .bss
  200006dc    200006dc    0000001c   00000000    rw- .data


SECTION ALLOCATION MAP

 output                                  attributes/
section   page    origin      length       input sections
--------  ----  ----------  ----------   ----------------
.intvecs   0    00000000    0000026c     
                  00000000    0000026c     tm4c123gh6pm_startup_ccs.obj (.intvecs)

.text      0    0000026c    000057f0     
                  0000026c    00000a4e     rtsv7M4_T_le_v4SPD16_eabi.lib : _printfi.c.obj (.text:__TI_printfi)
                  00000cba    00000002     driverlib.lib : interrupt.obj (.text:_IntDefaultHandler)
                  00000cbc    000009c0     rtsv7M4_T_le_v4SPD16_eabi.lib : e_pow.c.obj (.text:pow)
                  0000167c    00000738                                   : k_rem_pio2.c.obj (.text:__kernel_rem_pio2)
                  00001db4    000006cc     Serial_Cal.obj (.text)
                  00002480    0000062e     uart.obj (.text)
                  00002aae    00000002     rtsv7M4_T_le_v4SPD16_eabi.lib : div0.asm.obj (.text)
                  00002ab0    000005dc                                   : s_cos.c.obj (.text:cos)
                  0000308c    000005c4                                   : s_sin.c.obj (.text:sin)
                  00003650    000004a8     uartstdio.obj (.text)
                  00003af8    00000270     rtsv7M4_T_le_v4SPD16_eabi.lib : _printfi.c.obj (.text:_pconv_a)
                  00003d68    000001d0                                   : _printfi.c.obj (.text:_pconv_g)
                  00003f38    000001b6                                   : fd_add_t2.asm.obj (.text)
                  000040ee    00000002     --HOLE-- [fill = 0]
                  000040f0    00000174                                   : k_sin.c.obj (.text:__kernel_sin)
                  00004264    0000016c     driverlib.lib : gpio.obj (.text:GPIOPadConfigSet)
                  000043d0    0000016c     rtsv7M4_T_le_v4SPD16_eabi.lib : k_cos.c.obj (.text:__kernel_cos)
                  0000453c    00000158                                   : e_sqrt.c.obj (.text:sqrt)
                  00004694    0000013c                                   : _printfi.c.obj (.text:_pconv_e)
                  000047d0    00000136                                   : fd_div_t2.asm.obj (.text)
                  00004906    00000002     --HOLE-- [fill = 0]
                  00004908    00000124                                   : _printfi.c.obj (.text:fcvt)
                  00004a2c    00000110                                   : s_scalbn.c.obj (.text:scalbn)
                  00004b3c    00000104     main.obj (.text)
                  00004c40    000000fc     rtsv7M4_T_le_v4SPD16_eabi.lib : fd_mul_t2.asm.obj (.text)
                  00004d3c    000000f8                                   : s_floor.c.obj (.text:floor)
                  00004e34    000000f4     driverlib.lib : sysctl.obj (.text:SysCtlClockSet)
                  00004f28    000000b1     rtsv7M4_T_le_v4SPD16_eabi.lib : _printfi.c.obj (.text:_ltostr)
                  00004fd9    00000001     --HOLE-- [fill = 0]
                  00004fda    0000009c                                   : memcpy_t2.asm.obj (.text)
                  00005076    00000096                                   : ull_div_t2.asm.obj (.text)
                  0000510c    00000086                                   : fd_cmp_t2.asm.obj (.text:__aeabi_cdcmple)
                  00005192    00000086                                   : fd_cmp_t2.asm.obj (.text:__aeabi_cdrcmple)
                  00005218    0000007a                                   : memset_t2.asm.obj (.text)
                  00005292    0000006e                                   : _printfi.c.obj (.text:_mcpy)
                  00005300    00000068     driverlib.lib : interrupt.obj (.text:IntDisable)
                  00005368    00000068                   : interrupt.obj (.text:IntEnable)
                  000053d0    00000068     rtsv7M4_T_le_v4SPD16_eabi.lib : copy_decompress_lzss.c.obj (.text:decompress:lzss:__TI_decompress_lzss)
                  00005438    00000064                                   : s_frexp.c.obj (.text:frexp)
                  0000549c    00000056                                   : _printfi.c.obj (.text:_pconv_f)
                  000054f2    00000054                                   : _ltoa.c.obj (.text:__TI_ltoa)
                  00005546    00000052                                   : _printfi.c.obj (.text:_ecpy)
                  00005598    0000004c     driverlib.lib : gpio.obj (.text:GPIOPinConfigure)
                  000055e4    0000004c     rtsv7M4_T_le_v4SPD16_eabi.lib : atoi.c.obj (.text:atoi)
                  00005630    00000048                                   : fd_toi_t2.asm.obj (.text)
                  00005678    00000044                                   : autoinit.c.obj (.text:__TI_auto_init_nobinit_nopinit:__TI_auto_init_nobinit_nopinit)
                  000056bc    00000040                                   : u_divt2.asm.obj (.text)
                  000056fc    00000040                                   : sprintf.c.obj (.text:sprintf)
                  0000573c    0000003e                                   : _printfi.c.obj (.text:_fcpy)
                  0000577a    00000002     --HOLE-- [fill = 0]
                  0000577c    00000038     driverlib.lib : sysctl.obj (.text:SysCtlPeripheralPresent)
                  000057b4    00000038     rtsv7M4_T_le_v4SPD16_eabi.lib : fs_tod_t2.asm.obj (.text)
                  000057ec    00000034     driverlib.lib : interrupt.obj (.text:IntRegister)
                  00005820    00000034                   : sysctl.obj (.text:SysCtlPeripheralEnable)
                  00005854    00000034     rtsv7M4_T_le_v4SPD16_eabi.lib : boot_cortex_m.c.obj (.text:_c_int00_noargs:_c_int00_noargs)
                  00005888    0000002e                                   : i_tofd_t2.asm.obj (.text)
                  000058b6    0000002c     driverlib.lib : gpio.obj (.text:GPIODirModeSet)
                  000058e2    0000001e     rtsv7M4_T_le_v4SPD16_eabi.lib : strcat.c.obj (.text:strcat)
                  00005900    0000001c                                   : copy_zero_init.c.obj (.text:decompress:ZI:__TI_zero_init_nomemset:__TI_zero_init_nomemset)
                  0000591c    0000001c                                   : memccpy.c.obj (.text:memccpy)
                  00005938    0000001a     driverlib.lib : gpio.obj (.text:GPIOPinTypeGPIOOutput)
                  00005952    0000001a     rtsv7M4_T_le_v4SPD16_eabi.lib : s_copysign.c.obj (.text:copysign)
                  0000596c    00000018                                   : sprintf.c.obj (.text:_outs)
                  00005984    00000016     driverlib.lib : gpio.obj (.text:GPIOPinTypeUART)
                  0000599a    00000016     rtsv7M4_T_le_v4SPD16_eabi.lib : strchr.c.obj (.text:strchr)
                  000059b0    00000014     driverlib.lib : interrupt.obj (.text:IntUnregister)
                  000059c4    00000014     rtsv7M4_T_le_v4SPD16_eabi.lib : strcpy.c.obj (.text:strcpy)
                  000059d8    00000014                                   : strlen.c.obj (.text:strlen)
                  000059ec    00000012                                   : wcslen.c.obj (.text:wcslen)
                  000059fe    00000010     driverlib.lib : interrupt.obj (.text:IntMasterEnable)
                  00005a0e    0000000e     rtsv7M4_T_le_v4SPD16_eabi.lib : copy_decompress_none.c.obj (.text:decompress:none:__TI_decompress_none)
                  00005a1c    0000000c     driverlib.lib : cpu.obj (.text:CPUcpsie)
                  00005a28    0000000c     tm4c123gh6pm_startup_ccs.obj (.text)
                  00005a34    0000000a     rtsv7M4_T_le_v4SPD16_eabi.lib : sprintf.c.obj (.text:_outc)
                  00005a3e    00000002     --HOLE-- [fill = 0]
                  00005a40    00000008                                   : errno.c.obj (.text:__aeabi_errno_addr)
                  00005a48    00000006     driverlib.lib : gpio.obj (.text:GPIOPinWrite)
                  00005a4e    00000006                   : sysctl.obj (.text:SysCtlDelay)
                  00005a54    00000004     rtsv7M4_T_le_v4SPD16_eabi.lib : pre_init.c.obj (.text:_system_pre_init)
                  00005a58    00000004                                   : exit.c.obj (.text:abort:abort)

.const     0    00005a60    00000417     
                  00005a60    00000158     rtsv7M4_T_le_v4SPD16_eabi.lib : k_rem_pio2.c.obj (.const:$O1$$)
                  00005bb8    00000101                                   : ctype.c.obj (.const:.string:_ctypes_)
                  00005cb9    00000003     --HOLE-- [fill = 0]
                  00005cbc    00000090     driverlib.lib : gpio.obj (.const:g_pui32GPIOBaseAddrs)
                  00005d4c    00000040     uart.obj (.const:g_ppui32UARTIntMap)
                  00005d8c    00000040     uart.obj (.const:g_ppui32UARTIntMapSnowflake)
                  00005dcc    00000004     uartstdio.obj (.const)
                  00005dd0    00000030     rtsv7M4_T_le_v4SPD16_eabi.lib : e_pow.c.obj (.const:$O1$$)
                  00005e00    00000014     driverlib.lib : interrupt.obj (.const:g_pui32Dii16Regs)
                  00005e14    00000014                   : interrupt.obj (.const:g_pui32EnRegs)
                  00005e28    00000012     uartstdio.obj (.const:.string)
                  00005e3a    0000000d     Serial_Cal.obj (.const:.string:$P$T0$1)
                  00005e47    0000000d     Serial_Cal.obj (.const:.string:$P$T1$2)
                  00005e54    0000000c     uartstdio.obj (.const:g_ui32UARTBase)
                  00005e60    0000000c     uartstdio.obj (.const:g_ui32UARTPeriph)
                  00005e6c    0000000b     Serial_Cal.obj (.const:.string:$P$T2$3)

.cinit     0    00005e78    00000040     
                  00005e78    0000000c     (.cinit..data.load) [load image, compression = lzss]
                  00005e84    0000000c     (__TI_handler_table)
                  00005e90    00000008     (.cinit..bss.load) [load image, compression = zero_init]
                  00005e98    00000008     (.cinit..vtable.load) [load image, compression = zero_init]
                  00005ea0    00000018     (__TI_cinit_table)

.init_array 
*          0    00000000    00000000     UNINITIALIZED

.vtable    0    20000000    0000026c     UNINITIALIZED
                  20000000    0000026c     driverlib.lib : interrupt.obj (.vtable)

.bss       0    20000670    00000069     UNINITIALIZED
                  20000670    00000034     (.common:Result)
                  200006a4    00000034     (.common:str)
                  200006d8    00000001     (.common:Operation)

.data      0    200006dc    0000001c     UNINITIALIZED
                  200006dc    00000010     main.obj (.data)
                  200006ec    00000005     uartstdio.obj (.data)
                  200006f1    00000003     --HOLE--
                  200006f4    00000004     rtsv7M4_T_le_v4SPD16_eabi.lib : errno.c.obj (.data)

.stack     0    20000270    00000400     UNINITIALIZED
                  20000270    00000004     rtsv7M4_T_le_v4SPD16_eabi.lib : boot_cortex_m.c.obj (.stack)
                  20000274    000003fc     --HOLE--

__llvm_prf_cnts 
*          0    20000000    00000000     UNINITIALIZED

MODULE SUMMARY

       Module                         code    ro data   rw data
       ------                         ----    -------   -------
    .\
       uart.obj                       1582    128       0      
       uartstdio.obj                  1192    46        5      
       tm4c123gh6pm_startup_ccs.obj   12      620       0      
       main.obj                       260     0         121    
    +--+------------------------------+-------+---------+---------+
       Total:                         3046    794       126    
                                                               
    .\Mylib\
       Serial_Cal.obj                 1740    37        0      
    +--+------------------------------+-------+---------+---------+
       Total:                         1740    37        0      
                                                               
    C:/ti/TivaWare_C_Series-2.2.0.295/driverlib/ccs/Debug/driverlib.lib
       interrupt.obj                  298     40        620    
       gpio.obj                       538     144       0      
       sysctl.obj                     358     0         0      
       cpu.obj                        12      0         0      
    +--+------------------------------+-------+---------+---------+
       Total:                         1206    184       620    
                                                               
    C:\ti\ccs1000\ccs\tools\compiler\ti-cgt-arm_20.2.0.LTS\lib\rtsv7M4_T_le_v4SPD16_eabi.lib
       _printfi.c.obj                 4851    0         0      
       e_pow.c.obj                    2496    48        0      
       k_rem_pio2.c.obj               1848    344       0      
       s_cos.c.obj                    1500    0         0      
       s_sin.c.obj                    1476    0         0      
       fd_add_t2.asm.obj              438     0         0      
       k_sin.c.obj                    372     0         0      
       k_cos.c.obj                    364     0         0      
       e_sqrt.c.obj                   344     0         0      
       fd_div_t2.asm.obj              310     0         0      
       s_scalbn.c.obj                 272     0         0      
       fd_cmp_t2.asm.obj              268     0         0      
       ctype.c.obj                    0       257       0      
       fd_mul_t2.asm.obj              252     0         0      
       s_floor.c.obj                  248     0         0      
       memcpy_t2.asm.obj              156     0         0      
       ull_div_t2.asm.obj             150     0         0      
       memset_t2.asm.obj              122     0         0      
       copy_decompress_lzss.c.obj     104     0         0      
       s_frexp.c.obj                  100     0         0      
       sprintf.c.obj                  98      0         0      
       _ltoa.c.obj                    84      0         0      
       atoi.c.obj                     76      0         0      
       fd_toi_t2.asm.obj              72      0         0      
       autoinit.c.obj                 68      0         0      
       u_divt2.asm.obj                64      0         0      
       fs_tod_t2.asm.obj              56      0         0      
       boot_cortex_m.c.obj            52      0         0      
       i_tofd_t2.asm.obj              46      0         0      
       strcat.c.obj                   30      0         0      
       copy_zero_init.c.obj           28      0         0      
       memccpy.c.obj                  28      0         0      
       s_copysign.c.obj               26      0         0      
       strchr.c.obj                   22      0         0      
       strcpy.c.obj                   20      0         0      
       strlen.c.obj                   20      0         0      
       wcslen.c.obj                   18      0         0      
       copy_decompress_none.c.obj     14      0         0      
       errno.c.obj                    8       0         4      
       exit.c.obj                     4       0         0      
       pre_init.c.obj                 4       0         0      
       div0.asm.obj                   2       0         0      
    +--+------------------------------+-------+---------+---------+
       Total:                         16511   649       4      
                                                               
       Stack:                         0       0         1024   
       Linker Generated:              0       64        0      
    +--+------------------------------+-------+---------+---------+
       Grand Total:                   22503   1728      1774   


LINKER GENERATED COPY TABLES

__TI_cinit_table @ 00005ea0 records: 3, size/record: 8, table size: 24
	.data: load addr=00005e78, load size=0000000c bytes, run addr=200006dc, run size=0000001c bytes, compression=lzss
	.bss: load addr=00005e90, load size=00000008 bytes, run addr=20000670, run size=00000069 bytes, compression=zero_init
	.vtable: load addr=00005e98, load size=00000008 bytes, run addr=20000000, run size=0000026c bytes, compression=zero_init


LINKER GENERATED HANDLER TABLE

__TI_handler_table @ 00005e84 records: 3, size/record: 4, table size: 12
	index: 0, handler: __TI_zero_init
	index: 1, handler: __TI_decompress_lzss
	index: 2, handler: __TI_decompress_none


GLOBAL SYMBOLS: SORTED ALPHABETICALLY BY Name 

address   name                          
-------   ----                          
00005a59  C$$EXIT                       
00005a1d  CPUcpsie                      
00001dcf  Check_Number                  
00001e25  Check_Oper                    
00001db5  Error_Notice                  
00001e91  Factorial                     
000058b7  GPIODirModeSet                
00004265  GPIOPadConfigSet              
00005599  GPIOPinConfigure              
00005939  GPIOPinTypeGPIOOutput         
00005985  GPIOPinTypeUART               
00005a49  GPIOPinWrite                  
00004b6f  InitConsole                   
00005301  IntDisable                    
00005369  IntEnable                     
000059ff  IntMasterEnable               
000057ed  IntRegister                   
000059b1  IntUnregister                 
00001f11  Integer_Fac                   
200006d8  Operation                     
00001ebb  Prime                         
00005a29  ResetISR                      
20000670  Result                        
00001fdd  Serial_Cal                    
00004e35  SysCtlClockSet                
00005a4f  SysCtlDelay                   
00005821  SysCtlPeripheralEnable        
0000577d  SysCtlPeripheralPresent       
00002a51  UART9BitAddrSend              
00002a2b  UART9BitAddrSet               
00002a15  UART9BitDisable               
000029ff  UART9BitEnable                
000028a3  UARTBreakCtl                  
000028cd  UARTBusy                      
0000284b  UARTCharGet                   
0000282f  UARTCharGetNonBlocking        
00002885  UARTCharPut                   
00002861  UARTCharPutNonBlocking        
000027f3  UARTCharsAvail                
000029ef  UARTClockSourceGet            
000029db  UARTClockSourceSet            
000025c3  UARTConfigGetExpClk           
0000254d  UARTConfigSetExpClk           
000029a1  UARTDMADisable                
00002989  UARTDMAEnable                 
00002633  UARTDisable                   
000026b7  UARTDisableSIR                
0000260f  UARTEnable                    
00002689  UARTEnableSIR                 
00002673  UARTFIFODisable               
0000265d  UARTFIFOEnable                
00002525  UARTFIFOLevelGet              
0000250d  UARTFIFOLevelSet              
000027b3  UARTFlowControlGet            
00002797  UARTFlowControlSet            
00002977  UARTIntClear                  
00002941  UARTIntDisable                
00002929  UARTIntEnable                 
00004bab  UARTIntHandler                
000028eb  UARTIntRegister               
00002959  UARTIntStatus                 
00002909  UARTIntUnregister             
00002a99  UARTLoopbackEnable            
0000274d  UARTModemControlClear         
00002771  UARTModemControlGet           
00002715  UARTModemControlSet           
00002783  UARTModemStatusGet            
000024fb  UARTParityModeGet             
000024df  UARTParityModeSet             
000029cb  UARTRxErrorClear              
000029b9  UARTRxErrorGet                
000026ff  UARTSmartCardDisable          
000026cd  UARTSmartCardEnable           
00002811  UARTSpaceAvail                
00003651  UARTStdioConfig               
000027e1  UARTTxIntModeGet              
000027c5  UARTTxIntModeSet              
000037a1  UARTgetc                      
000036e7  UARTgets                      
00003ac3  UARTprintf                    
000037c9  UARTvprintf                   
00003697  UARTwrite                     
20000670  __STACK_END                   
00000400  __STACK_SIZE                  
20000470  __STACK_TOP                   
00005ea0  __TI_CINIT_Base               
00005eb8  __TI_CINIT_Limit              
00005e84  __TI_Handler_Table_Base       
00005e90  __TI_Handler_Table_Limit      
00005679  __TI_auto_init_nobinit_nopinit
000053d1  __TI_decompress_lzss          
00005a0f  __TI_decompress_none          
000054f3  __TI_ltoa                     
ffffffff  __TI_pprof_out_hndl           
0000026d  __TI_printfi                  
ffffffff  __TI_prof_data_size           
ffffffff  __TI_prof_data_start          
00000000  __TI_static_base__            
00005901  __TI_zero_init_nomemset       
0000510d  __aeabi_cdcmpeq               
0000510d  __aeabi_cdcmple               
00005193  __aeabi_cdrcmple              
00005631  __aeabi_d2iz                  
00003f43  __aeabi_dadd                  
000047d1  __aeabi_ddiv                  
00004c41  __aeabi_dmul                  
00003f39  __aeabi_dsub                  
00005a41  __aeabi_errno_addr            
000057b5  __aeabi_f2d                   
00005889  __aeabi_i2d                   
00002aaf  __aeabi_idiv0                 
00002aaf  __aeabi_ldiv0                 
00005219  __aeabi_memclr                
00005219  __aeabi_memclr4               
00005219  __aeabi_memclr8               
00004fdb  __aeabi_memcpy                
00004fdb  __aeabi_memcpy4               
00004fdb  __aeabi_memcpy8               
0000521b  __aeabi_memset                
0000521b  __aeabi_memset4               
0000521b  __aeabi_memset8               
000056bd  __aeabi_uidiv                 
000056bd  __aeabi_uidivmod              
00005077  __aeabi_uldivmod              
ffffffff  __binit__                     
ffffffff  __c_args__                    
000043d1  __kernel_cos                  
0000167d  __kernel_rem_pio2             
000040f1  __kernel_sin                  
UNDEFED   __mpu_init                    
20000270  __stack                       
20000000  __start___llvm_prf_cnts       
20000000  __stop___llvm_prf_cnts        
00005855  _c_int00_noargs               
00005bb8  _ctypes_                      
UNDEFED   _system_post_cinit            
00005a55  _system_pre_init              
00005a59  abort                         
000055e5  atoi                          
ffffffff  binit                         
200006dc  check_uart                    
00005953  copysign                      
00005953  copysignl                     
00002ab1  cos                           
00002ab1  cosl                          
200006f4  errno                         
00004d3d  floor                         
00004d3d  floorl                        
00005439  frexp                         
00005439  frexpl                        
20000000  g_pfnRAMVectors               
00000000  g_pfnVectors                  
00004a2d  ldexp                         
00004a2d  ldexpl                        
00004b3d  main                          
0000591d  memccpy                       
00004fdb  memcpy                        
00005221  memset                        
200006e0  num1                          
200006e4  num2                          
00000cbd  pow                           
00000cbd  powl                          
00004a2d  scalbn                        
00004a2d  scalbnl                       
0000308d  sin                           
0000308d  sinl                          
000056fd  sprintf                       
0000453d  sqrt                          
0000453d  sqrtl                         
200006a4  str                           
000058e3  strcat                        
0000599b  strchr                        
000059c5  strcpy                        
000059d9  strlen                        
000059ed  wcslen                        


GLOBAL SYMBOLS: SORTED BY Symbol Address 

address   name                          
-------   ----                          
00000000  __TI_static_base__            
00000000  g_pfnVectors                  
0000026d  __TI_printfi                  
00000400  __STACK_SIZE                  
00000cbd  pow                           
00000cbd  powl                          
0000167d  __kernel_rem_pio2             
00001db5  Error_Notice                  
00001dcf  Check_Number                  
00001e25  Check_Oper                    
00001e91  Factorial                     
00001ebb  Prime                         
00001f11  Integer_Fac                   
00001fdd  Serial_Cal                    
000024df  UARTParityModeSet             
000024fb  UARTParityModeGet             
0000250d  UARTFIFOLevelSet              
00002525  UARTFIFOLevelGet              
0000254d  UARTConfigSetExpClk           
000025c3  UARTConfigGetExpClk           
0000260f  UARTEnable                    
00002633  UARTDisable                   
0000265d  UARTFIFOEnable                
00002673  UARTFIFODisable               
00002689  UARTEnableSIR                 
000026b7  UARTDisableSIR                
000026cd  UARTSmartCardEnable           
000026ff  UARTSmartCardDisable          
00002715  UARTModemControlSet           
0000274d  UARTModemControlClear         
00002771  UARTModemControlGet           
00002783  UARTModemStatusGet            
00002797  UARTFlowControlSet            
000027b3  UARTFlowControlGet            
000027c5  UARTTxIntModeSet              
000027e1  UARTTxIntModeGet              
000027f3  UARTCharsAvail                
00002811  UARTSpaceAvail                
0000282f  UARTCharGetNonBlocking        
0000284b  UARTCharGet                   
00002861  UARTCharPutNonBlocking        
00002885  UARTCharPut                   
000028a3  UARTBreakCtl                  
000028cd  UARTBusy                      
000028eb  UARTIntRegister               
00002909  UARTIntUnregister             
00002929  UARTIntEnable                 
00002941  UARTIntDisable                
00002959  UARTIntStatus                 
00002977  UARTIntClear                  
00002989  UARTDMAEnable                 
000029a1  UARTDMADisable                
000029b9  UARTRxErrorGet                
000029cb  UARTRxErrorClear              
000029db  UARTClockSourceSet            
000029ef  UARTClockSourceGet            
000029ff  UART9BitEnable                
00002a15  UART9BitDisable               
00002a2b  UART9BitAddrSet               
00002a51  UART9BitAddrSend              
00002a99  UARTLoopbackEnable            
00002aaf  __aeabi_idiv0                 
00002aaf  __aeabi_ldiv0                 
00002ab1  cos                           
00002ab1  cosl                          
0000308d  sin                           
0000308d  sinl                          
00003651  UARTStdioConfig               
00003697  UARTwrite                     
000036e7  UARTgets                      
000037a1  UARTgetc                      
000037c9  UARTvprintf                   
00003ac3  UARTprintf                    
00003f39  __aeabi_dsub                  
00003f43  __aeabi_dadd                  
000040f1  __kernel_sin                  
00004265  GPIOPadConfigSet              
000043d1  __kernel_cos                  
0000453d  sqrt                          
0000453d  sqrtl                         
000047d1  __aeabi_ddiv                  
00004a2d  ldexp                         
00004a2d  ldexpl                        
00004a2d  scalbn                        
00004a2d  scalbnl                       
00004b3d  main                          
00004b6f  InitConsole                   
00004bab  UARTIntHandler                
00004c41  __aeabi_dmul                  
00004d3d  floor                         
00004d3d  floorl                        
00004e35  SysCtlClockSet                
00004fdb  __aeabi_memcpy                
00004fdb  __aeabi_memcpy4               
00004fdb  __aeabi_memcpy8               
00004fdb  memcpy                        
00005077  __aeabi_uldivmod              
0000510d  __aeabi_cdcmpeq               
0000510d  __aeabi_cdcmple               
00005193  __aeabi_cdrcmple              
00005219  __aeabi_memclr                
00005219  __aeabi_memclr4               
00005219  __aeabi_memclr8               
0000521b  __aeabi_memset                
0000521b  __aeabi_memset4               
0000521b  __aeabi_memset8               
00005221  memset                        
00005301  IntDisable                    
00005369  IntEnable                     
000053d1  __TI_decompress_lzss          
00005439  frexp                         
00005439  frexpl                        
000054f3  __TI_ltoa                     
00005599  GPIOPinConfigure              
000055e5  atoi                          
00005631  __aeabi_d2iz                  
00005679  __TI_auto_init_nobinit_nopinit
000056bd  __aeabi_uidiv                 
000056bd  __aeabi_uidivmod              
000056fd  sprintf                       
0000577d  SysCtlPeripheralPresent       
000057b5  __aeabi_f2d                   
000057ed  IntRegister                   
00005821  SysCtlPeripheralEnable        
00005855  _c_int00_noargs               
00005889  __aeabi_i2d                   
000058b7  GPIODirModeSet                
000058e3  strcat                        
00005901  __TI_zero_init_nomemset       
0000591d  memccpy                       
00005939  GPIOPinTypeGPIOOutput         
00005953  copysign                      
00005953  copysignl                     
00005985  GPIOPinTypeUART               
0000599b  strchr                        
000059b1  IntUnregister                 
000059c5  strcpy                        
000059d9  strlen                        
000059ed  wcslen                        
000059ff  IntMasterEnable               
00005a0f  __TI_decompress_none          
00005a1d  CPUcpsie                      
00005a29  ResetISR                      
00005a41  __aeabi_errno_addr            
00005a49  GPIOPinWrite                  
00005a4f  SysCtlDelay                   
00005a55  _system_pre_init              
00005a59  C$$EXIT                       
00005a59  abort                         
00005bb8  _ctypes_                      
00005e84  __TI_Handler_Table_Base       
00005e90  __TI_Handler_Table_Limit      
00005ea0  __TI_CINIT_Base               
00005eb8  __TI_CINIT_Limit              
20000000  __start___llvm_prf_cnts       
20000000  __stop___llvm_prf_cnts        
20000000  g_pfnRAMVectors               
20000270  __stack                       
20000470  __STACK_TOP                   
20000670  Result                        
20000670  __STACK_END                   
200006a4  str                           
200006d8  Operation                     
200006dc  check_uart                    
200006e0  num1                          
200006e4  num2                          
200006f4  errno                         
ffffffff  __TI_pprof_out_hndl           
ffffffff  __TI_prof_data_size           
ffffffff  __TI_prof_data_start          
ffffffff  __binit__                     
ffffffff  __c_args__                    
ffffffff  binit                         
UNDEFED   __mpu_init                    
UNDEFED   _system_post_cinit            

[175 symbols]
