<?xml version="1.0" encoding="ISO-8859-1" ?>
<link_info>
   <banner>TI ARM Linker PC v20.2.0.LTS</banner>
   <copyright>Copyright (c) 1996-2018 Texas Instruments Incorporated</copyright>
   <link_time>0x5f0ae210</link_time>
   <link_errors>0x0</link_errors>
   <output_file>Serial_Calculator.out</output_file>
   <entry_point>
      <name>_c_int00_noargs</name>
      <address>0x5825</address>
   </entry_point>
   <input_file_list>
      <input_file id="fl-2">
         <path>.\</path>
         <kind>object</kind>
         <file>main.obj</file>
         <name>main.obj</name>
      </input_file>
      <input_file id="fl-3">
         <path>.\</path>
         <kind>object</kind>
         <file>tm4c123gh6pm_startup_ccs.obj</file>
         <name>tm4c123gh6pm_startup_ccs.obj</name>
      </input_file>
      <input_file id="fl-4">
         <path>.\</path>
         <kind>object</kind>
         <file>uart.obj</file>
         <name>uart.obj</name>
      </input_file>
      <input_file id="fl-5">
         <path>.\</path>
         <kind>object</kind>
         <file>uartstdio.obj</file>
         <name>uartstdio.obj</name>
      </input_file>
      <input_file id="fl-6">
         <path>.\Mylib\</path>
         <kind>object</kind>
         <file>Serial_Cal.obj</file>
         <name>Serial_Cal.obj</name>
      </input_file>
      <input_file id="fl-b">
         <kind>object</kind>
         <file>&lt;internal&gt;</file>
         <name>&lt;internal&gt;</name>
      </input_file>
      <input_file id="fl-c">
         <path>C:\ti\TivaWare_C_Series-2.2.0.295\driverlib\ccs\Debug\</path>
         <kind>archive</kind>
         <file>driverlib.lib</file>
         <name>gpio.obj</name>
      </input_file>
      <input_file id="fl-d">
         <path>C:\ti\TivaWare_C_Series-2.2.0.295\driverlib\ccs\Debug\</path>
         <kind>archive</kind>
         <file>driverlib.lib</file>
         <name>interrupt.obj</name>
      </input_file>
      <input_file id="fl-e">
         <path>C:\ti\TivaWare_C_Series-2.2.0.295\driverlib\ccs\Debug\</path>
         <kind>archive</kind>
         <file>driverlib.lib</file>
         <name>sysctl.obj</name>
      </input_file>
      <input_file id="fl-f">
         <path>C:\ti\TivaWare_C_Series-2.2.0.295\driverlib\ccs\Debug\</path>
         <kind>archive</kind>
         <file>driverlib.lib</file>
         <name>cpu.obj</name>
      </input_file>
      <input_file id="fl-c5">
         <path>C:\ti\ccs1000\ccs\tools\compiler\ti-cgt-arm_20.2.0.LTS\lib\</path>
         <kind>archive</kind>
         <file>rtsv7M4_T_le_v4SPD16_eabi.lib</file>
         <name>e_pow.c.obj</name>
      </input_file>
      <input_file id="fl-c6">
         <path>C:\ti\ccs1000\ccs\tools\compiler\ti-cgt-arm_20.2.0.LTS\lib\</path>
         <kind>archive</kind>
         <file>rtsv7M4_T_le_v4SPD16_eabi.lib</file>
         <name>e_sqrt.c.obj</name>
      </input_file>
      <input_file id="fl-c7">
         <path>C:\ti\ccs1000\ccs\tools\compiler\ti-cgt-arm_20.2.0.LTS\lib\</path>
         <kind>archive</kind>
         <file>rtsv7M4_T_le_v4SPD16_eabi.lib</file>
         <name>s_cos.c.obj</name>
      </input_file>
      <input_file id="fl-c8">
         <path>C:\ti\ccs1000\ccs\tools\compiler\ti-cgt-arm_20.2.0.LTS\lib\</path>
         <kind>archive</kind>
         <file>rtsv7M4_T_le_v4SPD16_eabi.lib</file>
         <name>s_scalbn.c.obj</name>
      </input_file>
      <input_file id="fl-c9">
         <path>C:\ti\ccs1000\ccs\tools\compiler\ti-cgt-arm_20.2.0.LTS\lib\</path>
         <kind>archive</kind>
         <file>rtsv7M4_T_le_v4SPD16_eabi.lib</file>
         <name>s_sin.c.obj</name>
      </input_file>
      <input_file id="fl-ca">
         <path>C:\ti\ccs1000\ccs\tools\compiler\ti-cgt-arm_20.2.0.LTS\lib\</path>
         <kind>archive</kind>
         <file>rtsv7M4_T_le_v4SPD16_eabi.lib</file>
         <name>s_copysign.c.obj</name>
      </input_file>
      <input_file id="fl-cb">
         <path>C:\ti\ccs1000\ccs\tools\compiler\ti-cgt-arm_20.2.0.LTS\lib\</path>
         <kind>archive</kind>
         <file>rtsv7M4_T_le_v4SPD16_eabi.lib</file>
         <name>sprintf.c.obj</name>
      </input_file>
      <input_file id="fl-cc">
         <path>C:\ti\ccs1000\ccs\tools\compiler\ti-cgt-arm_20.2.0.LTS\lib\</path>
         <kind>archive</kind>
         <file>rtsv7M4_T_le_v4SPD16_eabi.lib</file>
         <name>fd_add_t2.asm.obj</name>
      </input_file>
      <input_file id="fl-cd">
         <path>C:\ti\ccs1000\ccs\tools\compiler\ti-cgt-arm_20.2.0.LTS\lib\</path>
         <kind>archive</kind>
         <file>rtsv7M4_T_le_v4SPD16_eabi.lib</file>
         <name>fd_cmp_t2.asm.obj</name>
      </input_file>
      <input_file id="fl-ce">
         <path>C:\ti\ccs1000\ccs\tools\compiler\ti-cgt-arm_20.2.0.LTS\lib\</path>
         <kind>archive</kind>
         <file>rtsv7M4_T_le_v4SPD16_eabi.lib</file>
         <name>fd_div_t2.asm.obj</name>
      </input_file>
      <input_file id="fl-cf">
         <path>C:\ti\ccs1000\ccs\tools\compiler\ti-cgt-arm_20.2.0.LTS\lib\</path>
         <kind>archive</kind>
         <file>rtsv7M4_T_le_v4SPD16_eabi.lib</file>
         <name>fd_mul_t2.asm.obj</name>
      </input_file>
      <input_file id="fl-d0">
         <path>C:\ti\ccs1000\ccs\tools\compiler\ti-cgt-arm_20.2.0.LTS\lib\</path>
         <kind>archive</kind>
         <file>rtsv7M4_T_le_v4SPD16_eabi.lib</file>
         <name>fd_toi_t2.asm.obj</name>
      </input_file>
      <input_file id="fl-d1">
         <path>C:\ti\ccs1000\ccs\tools\compiler\ti-cgt-arm_20.2.0.LTS\lib\</path>
         <kind>archive</kind>
         <file>rtsv7M4_T_le_v4SPD16_eabi.lib</file>
         <name>fs_tod_t2.asm.obj</name>
      </input_file>
      <input_file id="fl-d2">
         <path>C:\ti\ccs1000\ccs\tools\compiler\ti-cgt-arm_20.2.0.LTS\lib\</path>
         <kind>archive</kind>
         <file>rtsv7M4_T_le_v4SPD16_eabi.lib</file>
         <name>i_tofd_t2.asm.obj</name>
      </input_file>
      <input_file id="fl-d3">
         <path>C:\ti\ccs1000\ccs\tools\compiler\ti-cgt-arm_20.2.0.LTS\lib\</path>
         <kind>archive</kind>
         <file>rtsv7M4_T_le_v4SPD16_eabi.lib</file>
         <name>memcpy_t2.asm.obj</name>
      </input_file>
      <input_file id="fl-d4">
         <path>C:\ti\ccs1000\ccs\tools\compiler\ti-cgt-arm_20.2.0.LTS\lib\</path>
         <kind>archive</kind>
         <file>rtsv7M4_T_le_v4SPD16_eabi.lib</file>
         <name>u_divt2.asm.obj</name>
      </input_file>
      <input_file id="fl-d5">
         <path>C:\ti\ccs1000\ccs\tools\compiler\ti-cgt-arm_20.2.0.LTS\lib\</path>
         <kind>archive</kind>
         <file>rtsv7M4_T_le_v4SPD16_eabi.lib</file>
         <name>copy_zero_init.c.obj</name>
      </input_file>
      <input_file id="fl-d6">
         <path>C:\ti\ccs1000\ccs\tools\compiler\ti-cgt-arm_20.2.0.LTS\lib\</path>
         <kind>archive</kind>
         <file>rtsv7M4_T_le_v4SPD16_eabi.lib</file>
         <name>copy_decompress_none.c.obj</name>
      </input_file>
      <input_file id="fl-d7">
         <path>C:\ti\ccs1000\ccs\tools\compiler\ti-cgt-arm_20.2.0.LTS\lib\</path>
         <kind>archive</kind>
         <file>rtsv7M4_T_le_v4SPD16_eabi.lib</file>
         <name>copy_decompress_lzss.c.obj</name>
      </input_file>
      <input_file id="fl-d8">
         <path>C:\ti\ccs1000\ccs\tools\compiler\ti-cgt-arm_20.2.0.LTS\lib\</path>
         <kind>archive</kind>
         <file>rtsv7M4_T_le_v4SPD16_eabi.lib</file>
         <name>atoi.c.obj</name>
      </input_file>
      <input_file id="fl-d9">
         <path>C:\ti\ccs1000\ccs\tools\compiler\ti-cgt-arm_20.2.0.LTS\lib\</path>
         <kind>archive</kind>
         <file>rtsv7M4_T_le_v4SPD16_eabi.lib</file>
         <name>ctype.c.obj</name>
      </input_file>
      <input_file id="fl-da">
         <path>C:\ti\ccs1000\ccs\tools\compiler\ti-cgt-arm_20.2.0.LTS\lib\</path>
         <kind>archive</kind>
         <file>rtsv7M4_T_le_v4SPD16_eabi.lib</file>
         <name>strcat.c.obj</name>
      </input_file>
      <input_file id="fl-db">
         <path>C:\ti\ccs1000\ccs\tools\compiler\ti-cgt-arm_20.2.0.LTS\lib\</path>
         <kind>archive</kind>
         <file>rtsv7M4_T_le_v4SPD16_eabi.lib</file>
         <name>strcpy.c.obj</name>
      </input_file>
      <input_file id="fl-dc">
         <path>C:\ti\ccs1000\ccs\tools\compiler\ti-cgt-arm_20.2.0.LTS\lib\</path>
         <kind>archive</kind>
         <file>rtsv7M4_T_le_v4SPD16_eabi.lib</file>
         <name>k_rem_pio2.c.obj</name>
      </input_file>
      <input_file id="fl-dd">
         <path>C:\ti\ccs1000\ccs\tools\compiler\ti-cgt-arm_20.2.0.LTS\lib\</path>
         <kind>archive</kind>
         <file>rtsv7M4_T_le_v4SPD16_eabi.lib</file>
         <name>errno.c.obj</name>
      </input_file>
      <input_file id="fl-de">
         <path>C:\ti\ccs1000\ccs\tools\compiler\ti-cgt-arm_20.2.0.LTS\lib\</path>
         <kind>archive</kind>
         <file>rtsv7M4_T_le_v4SPD16_eabi.lib</file>
         <name>boot_cortex_m.c.obj</name>
      </input_file>
      <input_file id="fl-df">
         <path>C:\ti\ccs1000\ccs\tools\compiler\ti-cgt-arm_20.2.0.LTS\lib\</path>
         <kind>archive</kind>
         <file>rtsv7M4_T_le_v4SPD16_eabi.lib</file>
         <name>k_cos.c.obj</name>
      </input_file>
      <input_file id="fl-e0">
         <path>C:\ti\ccs1000\ccs\tools\compiler\ti-cgt-arm_20.2.0.LTS\lib\</path>
         <kind>archive</kind>
         <file>rtsv7M4_T_le_v4SPD16_eabi.lib</file>
         <name>k_sin.c.obj</name>
      </input_file>
      <input_file id="fl-e1">
         <path>C:\ti\ccs1000\ccs\tools\compiler\ti-cgt-arm_20.2.0.LTS\lib\</path>
         <kind>archive</kind>
         <file>rtsv7M4_T_le_v4SPD16_eabi.lib</file>
         <name>s_floor.c.obj</name>
      </input_file>
      <input_file id="fl-e2">
         <path>C:\ti\ccs1000\ccs\tools\compiler\ti-cgt-arm_20.2.0.LTS\lib\</path>
         <kind>archive</kind>
         <file>rtsv7M4_T_le_v4SPD16_eabi.lib</file>
         <name>_printfi.c.obj</name>
      </input_file>
      <input_file id="fl-e3">
         <path>C:\ti\ccs1000\ccs\tools\compiler\ti-cgt-arm_20.2.0.LTS\lib\</path>
         <kind>archive</kind>
         <file>rtsv7M4_T_le_v4SPD16_eabi.lib</file>
         <name>div0.asm.obj</name>
      </input_file>
      <input_file id="fl-e4">
         <path>C:\ti\ccs1000\ccs\tools\compiler\ti-cgt-arm_20.2.0.LTS\lib\</path>
         <kind>archive</kind>
         <file>rtsv7M4_T_le_v4SPD16_eabi.lib</file>
         <name>memset_t2.asm.obj</name>
      </input_file>
      <input_file id="fl-e5">
         <path>C:\ti\ccs1000\ccs\tools\compiler\ti-cgt-arm_20.2.0.LTS\lib\</path>
         <kind>archive</kind>
         <file>rtsv7M4_T_le_v4SPD16_eabi.lib</file>
         <name>ull_div_t2.asm.obj</name>
      </input_file>
      <input_file id="fl-e6">
         <path>C:\ti\ccs1000\ccs\tools\compiler\ti-cgt-arm_20.2.0.LTS\lib\</path>
         <kind>archive</kind>
         <file>rtsv7M4_T_le_v4SPD16_eabi.lib</file>
         <name>autoinit.c.obj</name>
      </input_file>
      <input_file id="fl-e7">
         <path>C:\ti\ccs1000\ccs\tools\compiler\ti-cgt-arm_20.2.0.LTS\lib\</path>
         <kind>archive</kind>
         <file>rtsv7M4_T_le_v4SPD16_eabi.lib</file>
         <name>pre_init.c.obj</name>
      </input_file>
      <input_file id="fl-e8">
         <path>C:\ti\ccs1000\ccs\tools\compiler\ti-cgt-arm_20.2.0.LTS\lib\</path>
         <kind>archive</kind>
         <file>rtsv7M4_T_le_v4SPD16_eabi.lib</file>
         <name>cpy_tbl.c.obj</name>
      </input_file>
      <input_file id="fl-e9">
         <path>C:\ti\ccs1000\ccs\tools\compiler\ti-cgt-arm_20.2.0.LTS\lib\</path>
         <kind>archive</kind>
         <file>rtsv7M4_T_le_v4SPD16_eabi.lib</file>
         <name>exit.c.obj</name>
      </input_file>
      <input_file id="fl-ea">
         <path>C:\ti\ccs1000\ccs\tools\compiler\ti-cgt-arm_20.2.0.LTS\lib\</path>
         <kind>archive</kind>
         <file>rtsv7M4_T_le_v4SPD16_eabi.lib</file>
         <name>_lock.c.obj</name>
      </input_file>
      <input_file id="fl-eb">
         <path>C:\ti\ccs1000\ccs\tools\compiler\ti-cgt-arm_20.2.0.LTS\lib\</path>
         <kind>archive</kind>
         <file>rtsv7M4_T_le_v4SPD16_eabi.lib</file>
         <name>_ltoa.c.obj</name>
      </input_file>
      <input_file id="fl-ec">
         <path>C:\ti\ccs1000\ccs\tools\compiler\ti-cgt-arm_20.2.0.LTS\lib\</path>
         <kind>archive</kind>
         <file>rtsv7M4_T_le_v4SPD16_eabi.lib</file>
         <name>args_main.c.obj</name>
      </input_file>
      <input_file id="fl-ed">
         <path>C:\ti\ccs1000\ccs\tools\compiler\ti-cgt-arm_20.2.0.LTS\lib\</path>
         <kind>archive</kind>
         <file>rtsv7M4_T_le_v4SPD16_eabi.lib</file>
         <name>memccpy.c.obj</name>
      </input_file>
      <input_file id="fl-ee">
         <path>C:\ti\ccs1000\ccs\tools\compiler\ti-cgt-arm_20.2.0.LTS\lib\</path>
         <kind>archive</kind>
         <file>rtsv7M4_T_le_v4SPD16_eabi.lib</file>
         <name>strchr.c.obj</name>
      </input_file>
      <input_file id="fl-ef">
         <path>C:\ti\ccs1000\ccs\tools\compiler\ti-cgt-arm_20.2.0.LTS\lib\</path>
         <kind>archive</kind>
         <file>rtsv7M4_T_le_v4SPD16_eabi.lib</file>
         <name>strlen.c.obj</name>
      </input_file>
      <input_file id="fl-f0">
         <path>C:\ti\ccs1000\ccs\tools\compiler\ti-cgt-arm_20.2.0.LTS\lib\</path>
         <kind>archive</kind>
         <file>rtsv7M4_T_le_v4SPD16_eabi.lib</file>
         <name>s_frexp.c.obj</name>
      </input_file>
      <input_file id="fl-f1">
         <path>C:\ti\ccs1000\ccs\tools\compiler\ti-cgt-arm_20.2.0.LTS\lib\</path>
         <kind>archive</kind>
         <file>rtsv7M4_T_le_v4SPD16_eabi.lib</file>
         <name>wcslen.c.obj</name>
      </input_file>
   </input_file_list>
   <object_component_list>
      <object_component id="oc-12">
         <name>.intvecs</name>
         <load_address>0x0</load_address>
         <run_address>0x0</run_address>
         <size>0x26c</size>
         <input_file_ref idref="fl-3"/>
      </object_component>
      <object_component id="oc-253">
         <name>.text:__TI_printfi</name>
         <load_address>0x26c</load_address>
         <run_address>0x26c</run_address>
         <size>0xa4e</size>
         <input_file_ref idref="fl-e2"/>
      </object_component>
      <object_component id="oc-233">
         <name>.text:_IntDefaultHandler</name>
         <load_address>0xcba</load_address>
         <run_address>0xcba</run_address>
         <size>0x2</size>
         <input_file_ref idref="fl-d"/>
      </object_component>
      <object_component id="oc-16d">
         <name>.text:pow</name>
         <load_address>0xcbc</load_address>
         <run_address>0xcbc</run_address>
         <size>0x9c0</size>
         <input_file_ref idref="fl-c5"/>
      </object_component>
      <object_component id="oc-28d">
         <name>.text:__kernel_rem_pio2</name>
         <load_address>0x167c</load_address>
         <run_address>0x167c</run_address>
         <size>0x738</size>
         <input_file_ref idref="fl-dc"/>
      </object_component>
      <object_component id="oc-98">
         <name>.text</name>
         <load_address>0x1db4</load_address>
         <run_address>0x1db4</run_address>
         <size>0x69c</size>
         <input_file_ref idref="fl-6"/>
      </object_component>
      <object_component id="oc-92">
         <name>.text</name>
         <load_address>0x2450</load_address>
         <run_address>0x2450</run_address>
         <size>0x62e</size>
         <input_file_ref idref="fl-4"/>
      </object_component>
      <object_component id="oc-2a6">
         <name>.text</name>
         <load_address>0x2a7e</load_address>
         <run_address>0x2a7e</run_address>
         <size>0x2</size>
         <input_file_ref idref="fl-e3"/>
      </object_component>
      <object_component id="oc-186">
         <name>.text:cos</name>
         <load_address>0x2a80</load_address>
         <run_address>0x2a80</run_address>
         <size>0x5dc</size>
         <input_file_ref idref="fl-c7"/>
      </object_component>
      <object_component id="oc-180">
         <name>.text:sin</name>
         <load_address>0x305c</load_address>
         <run_address>0x305c</run_address>
         <size>0x5c4</size>
         <input_file_ref idref="fl-c9"/>
      </object_component>
      <object_component id="oc-aa">
         <name>.text</name>
         <load_address>0x3620</load_address>
         <run_address>0x3620</run_address>
         <size>0x4a8</size>
         <input_file_ref idref="fl-5"/>
      </object_component>
      <object_component id="oc-303">
         <name>.text:_pconv_a</name>
         <load_address>0x3ac8</load_address>
         <run_address>0x3ac8</run_address>
         <size>0x270</size>
         <input_file_ref idref="fl-e2"/>
      </object_component>
      <object_component id="oc-2f1">
         <name>.text:_pconv_g</name>
         <load_address>0x3d38</load_address>
         <run_address>0x3d38</run_address>
         <size>0x1d0</size>
         <input_file_ref idref="fl-e2"/>
      </object_component>
      <object_component id="oc-23e">
         <name>.text</name>
         <load_address>0x3f08</load_address>
         <run_address>0x3f08</run_address>
         <size>0x1b6</size>
         <input_file_ref idref="fl-cc"/>
      </object_component>
      <object_component id="oc-287">
         <name>.text:__kernel_sin</name>
         <load_address>0x40c0</load_address>
         <run_address>0x40c0</run_address>
         <size>0x174</size>
         <input_file_ref idref="fl-e0"/>
      </object_component>
      <object_component id="oc-100">
         <name>.text:GPIOPadConfigSet</name>
         <load_address>0x4234</load_address>
         <run_address>0x4234</run_address>
         <size>0x16c</size>
         <input_file_ref idref="fl-c"/>
      </object_component>
      <object_component id="oc-293">
         <name>.text:__kernel_cos</name>
         <load_address>0x43a0</load_address>
         <run_address>0x43a0</run_address>
         <size>0x16c</size>
         <input_file_ref idref="fl-df"/>
      </object_component>
      <object_component id="oc-144">
         <name>.text:sqrt</name>
         <load_address>0x450c</load_address>
         <run_address>0x450c</run_address>
         <size>0x158</size>
         <input_file_ref idref="fl-c6"/>
      </object_component>
      <object_component id="oc-2fd">
         <name>.text:_pconv_e</name>
         <load_address>0x4664</load_address>
         <run_address>0x4664</run_address>
         <size>0x13c</size>
         <input_file_ref idref="fl-e2"/>
      </object_component>
      <object_component id="oc-17b">
         <name>.text</name>
         <load_address>0x47a0</load_address>
         <run_address>0x47a0</run_address>
         <size>0x136</size>
         <input_file_ref idref="fl-ce"/>
      </object_component>
      <object_component id="oc-394">
         <name>.text:fcvt</name>
         <load_address>0x48d8</load_address>
         <run_address>0x48d8</run_address>
         <size>0x124</size>
         <input_file_ref idref="fl-e2"/>
      </object_component>
      <object_component id="oc-277">
         <name>.text:scalbn</name>
         <load_address>0x49fc</load_address>
         <run_address>0x49fc</run_address>
         <size>0x110</size>
         <input_file_ref idref="fl-c8"/>
      </object_component>
      <object_component id="oc-2d">
         <name>.text</name>
         <load_address>0x4b0c</load_address>
         <run_address>0x4b0c</run_address>
         <size>0x104</size>
         <input_file_ref idref="fl-2"/>
      </object_component>
      <object_component id="oc-176">
         <name>.text</name>
         <load_address>0x4c10</load_address>
         <run_address>0x4c10</run_address>
         <size>0xfc</size>
         <input_file_ref idref="fl-cf"/>
      </object_component>
      <object_component id="oc-341">
         <name>.text:floor</name>
         <load_address>0x4d0c</load_address>
         <run_address>0x4d0c</run_address>
         <size>0xf8</size>
         <input_file_ref idref="fl-e1"/>
      </object_component>
      <object_component id="oc-74">
         <name>.text:SysCtlClockSet</name>
         <load_address>0x4e04</load_address>
         <run_address>0x4e04</run_address>
         <size>0xf4</size>
         <input_file_ref idref="fl-e"/>
      </object_component>
      <object_component id="oc-2eb">
         <name>.text:_ltostr</name>
         <load_address>0x4ef8</load_address>
         <run_address>0x4ef8</run_address>
         <size>0xb1</size>
         <input_file_ref idref="fl-e2"/>
      </object_component>
      <object_component id="oc-41">
         <name>.text</name>
         <load_address>0x4faa</load_address>
         <run_address>0x4faa</run_address>
         <size>0x9c</size>
         <input_file_ref idref="fl-d3"/>
      </object_component>
      <object_component id="oc-37b">
         <name>.text</name>
         <load_address>0x5046</load_address>
         <run_address>0x5046</run_address>
         <size>0x96</size>
         <input_file_ref idref="fl-e5"/>
      </object_component>
      <object_component id="oc-14a">
         <name>.text:__aeabi_cdcmple</name>
         <load_address>0x50dc</load_address>
         <run_address>0x50dc</run_address>
         <size>0x86</size>
         <input_file_ref idref="fl-cd"/>
      </object_component>
      <object_component id="oc-272">
         <name>.text:__aeabi_cdrcmple</name>
         <load_address>0x5162</load_address>
         <run_address>0x5162</run_address>
         <size>0x86</size>
         <input_file_ref idref="fl-cd"/>
      </object_component>
      <object_component id="oc-df">
         <name>.text</name>
         <load_address>0x51e8</load_address>
         <run_address>0x51e8</run_address>
         <size>0x7a</size>
         <input_file_ref idref="fl-e4"/>
      </object_component>
      <object_component id="oc-38d">
         <name>.text:_mcpy</name>
         <load_address>0x5262</load_address>
         <run_address>0x5262</run_address>
         <size>0x6e</size>
         <input_file_ref idref="fl-e2"/>
      </object_component>
      <object_component id="oc-126">
         <name>.text:IntDisable</name>
         <load_address>0x52d0</load_address>
         <run_address>0x52d0</run_address>
         <size>0x68</size>
         <input_file_ref idref="fl-d"/>
      </object_component>
      <object_component id="oc-8c">
         <name>.text:IntEnable</name>
         <load_address>0x5338</load_address>
         <run_address>0x5338</run_address>
         <size>0x68</size>
         <input_file_ref idref="fl-d"/>
      </object_component>
      <object_component id="oc-15">
         <name>.text:decompress:lzss:__TI_decompress_lzss</name>
         <load_address>0x53a0</load_address>
         <run_address>0x53a0</run_address>
         <size>0x68</size>
         <input_file_ref idref="fl-d7"/>
      </object_component>
      <object_component id="oc-3a2">
         <name>.text:frexp</name>
         <load_address>0x5408</load_address>
         <run_address>0x5408</run_address>
         <size>0x64</size>
         <input_file_ref idref="fl-f0"/>
      </object_component>
      <object_component id="oc-2f7">
         <name>.text:_pconv_f</name>
         <load_address>0x546c</load_address>
         <run_address>0x546c</run_address>
         <size>0x56</size>
         <input_file_ref idref="fl-e2"/>
      </object_component>
      <object_component id="oc-381">
         <name>.text:__TI_ltoa</name>
         <load_address>0x54c2</load_address>
         <run_address>0x54c2</run_address>
         <size>0x54</size>
         <input_file_ref idref="fl-eb"/>
      </object_component>
      <object_component id="oc-387">
         <name>.text:_ecpy</name>
         <load_address>0x5516</load_address>
         <run_address>0x5516</run_address>
         <size>0x52</size>
         <input_file_ref idref="fl-e2"/>
      </object_component>
      <object_component id="oc-9e">
         <name>.text:GPIOPinConfigure</name>
         <load_address>0x5568</load_address>
         <run_address>0x5568</run_address>
         <size>0x4c</size>
         <input_file_ref idref="fl-c"/>
      </object_component>
      <object_component id="oc-162">
         <name>.text:atoi</name>
         <load_address>0x55b4</load_address>
         <run_address>0x55b4</run_address>
         <size>0x4c</size>
         <input_file_ref idref="fl-d8"/>
      </object_component>
      <object_component id="oc-282">
         <name>.text</name>
         <load_address>0x5600</load_address>
         <run_address>0x5600</run_address>
         <size>0x48</size>
         <input_file_ref idref="fl-d0"/>
      </object_component>
      <object_component id="oc-1d7">
         <name>.text:__TI_auto_init_nobinit_nopinit:__TI_auto_init_nobinit_nopinit</name>
         <load_address>0x5648</load_address>
         <run_address>0x5648</run_address>
         <size>0x44</size>
         <input_file_ref idref="fl-e6"/>
      </object_component>
      <object_component id="oc-1a1">
         <name>.text</name>
         <load_address>0x568c</load_address>
         <run_address>0x568c</run_address>
         <size>0x40</size>
         <input_file_ref idref="fl-d4"/>
      </object_component>
      <object_component id="oc-155">
         <name>.text:sprintf</name>
         <load_address>0x56cc</load_address>
         <run_address>0x56cc</run_address>
         <size>0x40</size>
         <input_file_ref idref="fl-cb"/>
      </object_component>
      <object_component id="oc-39a">
         <name>.text:_fcpy</name>
         <load_address>0x570c</load_address>
         <run_address>0x570c</run_address>
         <size>0x3e</size>
         <input_file_ref idref="fl-e2"/>
      </object_component>
      <object_component id="oc-192">
         <name>.text:SysCtlPeripheralPresent</name>
         <load_address>0x574c</load_address>
         <run_address>0x574c</run_address>
         <size>0x38</size>
         <input_file_ref idref="fl-e"/>
      </object_component>
      <object_component id="oc-168">
         <name>.text</name>
         <load_address>0x5784</load_address>
         <run_address>0x5784</run_address>
         <size>0x38</size>
         <input_file_ref idref="fl-d1"/>
      </object_component>
      <object_component id="oc-120">
         <name>.text:IntRegister</name>
         <load_address>0x57bc</load_address>
         <run_address>0x57bc</run_address>
         <size>0x34</size>
         <input_file_ref idref="fl-d"/>
      </object_component>
      <object_component id="oc-7a">
         <name>.text:SysCtlPeripheralEnable</name>
         <load_address>0x57f0</load_address>
         <run_address>0x57f0</run_address>
         <size>0x34</size>
         <input_file_ref idref="fl-e"/>
      </object_component>
      <object_component id="oc-5f">
         <name>.text:_c_int00_noargs:_c_int00_noargs</name>
         <load_address>0x5824</load_address>
         <run_address>0x5824</run_address>
         <size>0x34</size>
         <input_file_ref idref="fl-de"/>
      </object_component>
      <object_component id="oc-13f">
         <name>.text</name>
         <load_address>0x5858</load_address>
         <run_address>0x5858</run_address>
         <size>0x2e</size>
         <input_file_ref idref="fl-d2"/>
      </object_component>
      <object_component id="oc-106">
         <name>.text:GPIODirModeSet</name>
         <load_address>0x5886</load_address>
         <run_address>0x5886</run_address>
         <size>0x2c</size>
         <input_file_ref idref="fl-c"/>
      </object_component>
      <object_component id="oc-15b">
         <name>.text:strcat</name>
         <load_address>0x58b2</load_address>
         <run_address>0x58b2</run_address>
         <size>0x1e</size>
         <input_file_ref idref="fl-da"/>
      </object_component>
      <object_component id="oc-4d">
         <name>.text:decompress:ZI:__TI_zero_init_nomemset:__TI_zero_init_nomemset</name>
         <load_address>0x58d0</load_address>
         <run_address>0x58d0</run_address>
         <size>0x1c</size>
         <input_file_ref idref="fl-d5"/>
      </object_component>
      <object_component id="oc-309">
         <name>.text:memccpy</name>
         <load_address>0x58ec</load_address>
         <run_address>0x58ec</run_address>
         <size>0x1c</size>
         <input_file_ref idref="fl-ed"/>
      </object_component>
      <object_component id="oc-80">
         <name>.text:GPIOPinTypeGPIOOutput</name>
         <load_address>0x5908</load_address>
         <run_address>0x5908</run_address>
         <size>0x1a</size>
         <input_file_ref idref="fl-c"/>
      </object_component>
      <object_component id="oc-32f">
         <name>.text:copysign</name>
         <load_address>0x5922</load_address>
         <run_address>0x5922</run_address>
         <size>0x1a</size>
         <input_file_ref idref="fl-ca"/>
      </object_component>
      <object_component id="oc-259">
         <name>.text:_outs</name>
         <load_address>0x593c</load_address>
         <run_address>0x593c</run_address>
         <size>0x18</size>
         <input_file_ref idref="fl-cb"/>
      </object_component>
      <object_component id="oc-a4">
         <name>.text:GPIOPinTypeUART</name>
         <load_address>0x5954</load_address>
         <run_address>0x5954</run_address>
         <size>0x16</size>
         <input_file_ref idref="fl-c"/>
      </object_component>
      <object_component id="oc-3a8">
         <name>.text:strchr</name>
         <load_address>0x596a</load_address>
         <run_address>0x596a</run_address>
         <size>0x16</size>
         <input_file_ref idref="fl-ee"/>
      </object_component>
      <object_component id="oc-12c">
         <name>.text:IntUnregister</name>
         <load_address>0x5980</load_address>
         <run_address>0x5980</run_address>
         <size>0x14</size>
         <input_file_ref idref="fl-d"/>
      </object_component>
      <object_component id="oc-14f">
         <name>.text:strcpy</name>
         <load_address>0x5994</load_address>
         <run_address>0x5994</run_address>
         <size>0x14</size>
         <input_file_ref idref="fl-db"/>
      </object_component>
      <object_component id="oc-2e5">
         <name>.text:strlen</name>
         <load_address>0x59a8</load_address>
         <run_address>0x59a8</run_address>
         <size>0x14</size>
         <input_file_ref idref="fl-ef"/>
      </object_component>
      <object_component id="oc-30f">
         <name>.text:wcslen</name>
         <load_address>0x59bc</load_address>
         <run_address>0x59bc</run_address>
         <size>0x12</size>
         <input_file_ref idref="fl-f1"/>
      </object_component>
      <object_component id="oc-86">
         <name>.text:IntMasterEnable</name>
         <load_address>0x59ce</load_address>
         <run_address>0x59ce</run_address>
         <size>0x10</size>
         <input_file_ref idref="fl-d"/>
      </object_component>
      <object_component id="oc-1b">
         <name>.text:decompress:none:__TI_decompress_none</name>
         <load_address>0x59de</load_address>
         <run_address>0x59de</run_address>
         <size>0xe</size>
         <input_file_ref idref="fl-d6"/>
      </object_component>
      <object_component id="oc-10e">
         <name>.text:CPUcpsie</name>
         <load_address>0x59ec</load_address>
         <run_address>0x59ec</run_address>
         <size>0xc</size>
         <input_file_ref idref="fl-f"/>
      </object_component>
      <object_component id="oc-27">
         <name>.text</name>
         <load_address>0x59f8</load_address>
         <run_address>0x59f8</run_address>
         <size>0xc</size>
         <input_file_ref idref="fl-3"/>
      </object_component>
      <object_component id="oc-25f">
         <name>.text:_outc</name>
         <load_address>0x5a04</load_address>
         <run_address>0x5a04</run_address>
         <size>0xa</size>
         <input_file_ref idref="fl-cb"/>
      </object_component>
      <object_component id="oc-243">
         <name>.text:__aeabi_errno_addr</name>
         <load_address>0x5a10</load_address>
         <run_address>0x5a10</run_address>
         <size>0x8</size>
         <input_file_ref idref="fl-dd"/>
      </object_component>
      <object_component id="oc-139">
         <name>.text:GPIOPinWrite</name>
         <load_address>0x5a18</load_address>
         <run_address>0x5a18</run_address>
         <size>0x6</size>
         <input_file_ref idref="fl-c"/>
      </object_component>
      <object_component id="oc-f7">
         <name>.text:SysCtlDelay</name>
         <load_address>0x5a1e</load_address>
         <run_address>0x5a1e</run_address>
         <size>0x6</size>
         <input_file_ref idref="fl-e"/>
      </object_component>
      <object_component id="oc-e5">
         <name>.text:_system_pre_init</name>
         <load_address>0x5a24</load_address>
         <run_address>0x5a24</run_address>
         <size>0x4</size>
         <input_file_ref idref="fl-e7"/>
      </object_component>
      <object_component id="oc-1cb">
         <name>.text:abort:abort</name>
         <load_address>0x5a28</load_address>
         <run_address>0x5a28</run_address>
         <size>0x4</size>
         <input_file_ref idref="fl-e9"/>
      </object_component>
      <object_component id="oc-347">
         <name>.const:$O1$$</name>
         <load_address>0x5a30</load_address>
         <run_address>0x5a30</run_address>
         <size>0x158</size>
         <input_file_ref idref="fl-dc"/>
      </object_component>
      <object_component id="oc-269">
         <name>.const:.string:_ctypes_</name>
         <load_address>0x5b88</load_address>
         <run_address>0x5b88</run_address>
         <size>0x101</size>
         <input_file_ref idref="fl-d9"/>
      </object_component>
      <object_component id="oc-18d">
         <name>.const:g_pui32GPIOBaseAddrs</name>
         <load_address>0x5c8c</load_address>
         <run_address>0x5c8c</run_address>
         <size>0x90</size>
         <input_file_ref idref="fl-c"/>
      </object_component>
      <object_component id="oc-11a">
         <name>.const:g_ppui32UARTIntMap</name>
         <load_address>0x5d1c</load_address>
         <run_address>0x5d1c</run_address>
         <size>0x40</size>
         <input_file_ref idref="fl-4"/>
      </object_component>
      <object_component id="oc-11d">
         <name>.const:g_ppui32UARTIntMapSnowflake</name>
         <load_address>0x5d5c</load_address>
         <run_address>0x5d5c</run_address>
         <size>0x40</size>
         <input_file_ref idref="fl-4"/>
      </object_component>
      <object_component id="oc-1a6">
         <name>.const</name>
         <load_address>0x5d9c</load_address>
         <run_address>0x5d9c</run_address>
         <size>0x4</size>
         <input_file_ref idref="fl-5"/>
      </object_component>
      <object_component id="oc-26f">
         <name>.const:$O1$$</name>
         <load_address>0x5da0</load_address>
         <run_address>0x5da0</run_address>
         <size>0x30</size>
         <input_file_ref idref="fl-c5"/>
      </object_component>
      <object_component id="oc-22f">
         <name>.const:g_pui32Dii16Regs</name>
         <load_address>0x5dd0</load_address>
         <run_address>0x5dd0</run_address>
         <size>0x14</size>
         <input_file_ref idref="fl-d"/>
      </object_component>
      <object_component id="oc-115">
         <name>.const:g_pui32EnRegs</name>
         <load_address>0x5de4</load_address>
         <run_address>0x5de4</run_address>
         <size>0x14</size>
         <input_file_ref idref="fl-d"/>
      </object_component>
      <object_component id="oc-2ac">
         <name>.const:.string</name>
         <load_address>0x5df8</load_address>
         <run_address>0x5df8</run_address>
         <size>0x12</size>
         <input_file_ref idref="fl-5"/>
      </object_component>
      <object_component id="oc-161">
         <name>.const:.string:$P$T0$1</name>
         <load_address>0x5e0a</load_address>
         <run_address>0x5e0a</run_address>
         <size>0xd</size>
         <input_file_ref idref="fl-6"/>
      </object_component>
      <object_component id="oc-19e">
         <name>.const:g_ui32UARTBase</name>
         <load_address>0x5e18</load_address>
         <run_address>0x5e18</run_address>
         <size>0xc</size>
         <input_file_ref idref="fl-5"/>
      </object_component>
      <object_component id="oc-198">
         <name>.const:g_ui32UARTPeriph</name>
         <load_address>0x5e24</load_address>
         <run_address>0x5e24</run_address>
         <size>0xc</size>
         <input_file_ref idref="fl-5"/>
      </object_component>
      <object_component id="oc-174">
         <name>.const:.string:$P$T1$2</name>
         <load_address>0x5e30</load_address>
         <run_address>0x5e30</run_address>
         <size>0xb</size>
         <input_file_ref idref="fl-6"/>
      </object_component>
      <object_component id="oc-43b">
         <name>.cinit..data.load</name>
         <load_address>0x5e40</load_address>
         <run_address>0x5e40</run_address>
         <size>0xc</size>
      </object_component>
      <object_component id="oc-438">
         <name>__TI_handler_table</name>
         <load_address>0x5e4c</load_address>
         <run_address>0x5e4c</run_address>
         <size>0xc</size>
      </object_component>
      <object_component id="oc-43c">
         <name>.cinit..bss.load</name>
         <load_address>0x5e58</load_address>
         <run_address>0x5e58</run_address>
         <size>0x8</size>
      </object_component>
      <object_component id="oc-43a">
         <name>.cinit..vtable.load</name>
         <load_address>0x5e60</load_address>
         <run_address>0x5e60</run_address>
         <size>0x8</size>
      </object_component>
      <object_component id="oc-439">
         <name>__TI_cinit_table</name>
         <load_address>0x5e68</load_address>
         <run_address>0x5e68</run_address>
         <size>0x18</size>
      </object_component>
      <object_component id="oc-22b">
         <name>.vtable</name>
         <uninitialized>true</uninitialized>
         <run_address>0x20000000</run_address>
         <size>0x26c</size>
         <input_file_ref idref="fl-d"/>
      </object_component>
      <object_component id="oc-b5">
         <name>.data</name>
         <load_address>0x200006dc</load_address>
         <run_address>0x200006dc</run_address>
         <size>0x10</size>
         <input_file_ref idref="fl-2"/>
      </object_component>
      <object_component id="oc-19b">
         <name>.data</name>
         <load_address>0x200006ec</load_address>
         <run_address>0x200006ec</run_address>
         <size>0x5</size>
         <input_file_ref idref="fl-5"/>
      </object_component>
      <object_component id="oc-2d7">
         <name>.data</name>
         <load_address>0x200006f4</load_address>
         <run_address>0x200006f4</run_address>
         <size>0x4</size>
         <input_file_ref idref="fl-dd"/>
      </object_component>
      <object_component id="oc-b0">
         <name>.common:str</name>
         <uninitialized>true</uninitialized>
         <run_address>0x200006a4</run_address>
         <size>0x34</size>
      </object_component>
      <object_component id="oc-175">
         <name>.common:Operation</name>
         <uninitialized>true</uninitialized>
         <run_address>0x200006d8</run_address>
         <size>0x1</size>
      </object_component>
      <object_component id="oc-173">
         <name>.common:Result</name>
         <uninitialized>true</uninitialized>
         <run_address>0x20000670</run_address>
         <size>0x34</size>
      </object_component>
      <object_component id="oc-24">
         <name>.stack</name>
         <uninitialized>true</uninitialized>
         <run_address>0x20000270</run_address>
         <size>0x4</size>
         <input_file_ref idref="fl-de"/>
      </object_component>
      <object_component id="oc-43e">
         <name>.stack</name>
         <uninitialized>true</uninitialized>
         <run_address>0x20000270</run_address>
         <size>0x0</size>
      </object_component>
      <object_component id="oc-b1">
         <name>.debug_info</name>
         <load_address>0x0</load_address>
         <run_address>0x0</run_address>
         <size>0x65a</size>
         <input_file_ref idref="fl-2"/>
      </object_component>
      <object_component id="oc-b6">
         <name>.debug_info</name>
         <load_address>0x65a</load_address>
         <run_address>0x65a</run_address>
         <size>0x127</size>
         <input_file_ref idref="fl-2"/>
      </object_component>
      <object_component id="oc-2f">
         <name>.debug_info</name>
         <load_address>0x781</load_address>
         <run_address>0x781</run_address>
         <size>0x3a6</size>
         <input_file_ref idref="fl-2"/>
      </object_component>
      <object_component id="oc-c5">
         <name>.debug_info</name>
         <load_address>0xb27</load_address>
         <run_address>0xb27</run_address>
         <size>0x26b</size>
         <input_file_ref idref="fl-2"/>
      </object_component>
      <object_component id="oc-b9">
         <name>.debug_info</name>
         <load_address>0xd92</load_address>
         <run_address>0xd92</run_address>
         <size>0x8b</size>
         <input_file_ref idref="fl-2"/>
      </object_component>
      <object_component id="oc-1b6">
         <name>.debug_info</name>
         <load_address>0xe1d</load_address>
         <run_address>0xe1d</run_address>
         <size>0x2a4</size>
         <input_file_ref idref="fl-2"/>
      </object_component>
      <object_component id="oc-133">
         <name>.debug_info</name>
         <load_address>0x10c1</load_address>
         <run_address>0x10c1</run_address>
         <size>0xef</size>
         <input_file_ref idref="fl-2"/>
      </object_component>
      <object_component id="oc-be">
         <name>.debug_info</name>
         <load_address>0x11b0</load_address>
         <run_address>0x11b0</run_address>
         <size>0xbb</size>
         <input_file_ref idref="fl-2"/>
      </object_component>
      <object_component id="oc-1ab">
         <name>.debug_info</name>
         <load_address>0x126b</load_address>
         <run_address>0x126b</run_address>
         <size>0x2c</size>
         <input_file_ref idref="fl-2"/>
      </object_component>
      <object_component id="oc-35">
         <name>.debug_info</name>
         <load_address>0x1297</load_address>
         <run_address>0x1297</run_address>
         <size>0x2f2</size>
         <input_file_ref idref="fl-3"/>
      </object_component>
      <object_component id="oc-13">
         <name>.debug_info</name>
         <load_address>0x1589</load_address>
         <run_address>0x1589</run_address>
         <size>0x10d</size>
         <input_file_ref idref="fl-3"/>
      </object_component>
      <object_component id="oc-28">
         <name>.debug_info</name>
         <load_address>0x1696</load_address>
         <run_address>0x1696</run_address>
         <size>0x289</size>
         <input_file_ref idref="fl-3"/>
      </object_component>
      <object_component id="oc-3c">
         <name>.debug_info</name>
         <load_address>0x191f</load_address>
         <run_address>0x191f</run_address>
         <size>0x84</size>
         <input_file_ref idref="fl-3"/>
      </object_component>
      <object_component id="oc-138">
         <name>.debug_info</name>
         <load_address>0x19a3</load_address>
         <run_address>0x19a3</run_address>
         <size>0x356</size>
         <input_file_ref idref="fl-4"/>
      </object_component>
      <object_component id="oc-11b">
         <name>.debug_info</name>
         <load_address>0x1cf9</load_address>
         <run_address>0x1cf9</run_address>
         <size>0x104</size>
         <input_file_ref idref="fl-4"/>
      </object_component>
      <object_component id="oc-11e">
         <name>.debug_info</name>
         <load_address>0x1dfd</load_address>
         <run_address>0x1dfd</run_address>
         <size>0x116</size>
         <input_file_ref idref="fl-4"/>
      </object_component>
      <object_component id="oc-93">
         <name>.debug_info</name>
         <load_address>0x1f13</load_address>
         <run_address>0x1f13</run_address>
         <size>0x2356</size>
         <input_file_ref idref="fl-4"/>
      </object_component>
      <object_component id="oc-1aa">
         <name>.debug_info</name>
         <load_address>0x4269</load_address>
         <run_address>0x4269</run_address>
         <size>0x402</size>
         <input_file_ref idref="fl-5"/>
      </object_component>
      <object_component id="oc-19c">
         <name>.debug_info</name>
         <load_address>0x466b</load_address>
         <run_address>0x466b</run_address>
         <size>0xf9</size>
         <input_file_ref idref="fl-5"/>
      </object_component>
      <object_component id="oc-1a7">
         <name>.debug_info</name>
         <load_address>0x4764</load_address>
         <run_address>0x4764</run_address>
         <size>0xf3</size>
         <input_file_ref idref="fl-5"/>
      </object_component>
      <object_component id="oc-19f">
         <name>.debug_info</name>
         <load_address>0x4857</load_address>
         <run_address>0x4857</run_address>
         <size>0x101</size>
         <input_file_ref idref="fl-5"/>
      </object_component>
      <object_component id="oc-199">
         <name>.debug_info</name>
         <load_address>0x4958</load_address>
         <run_address>0x4958</run_address>
         <size>0x105</size>
         <input_file_ref idref="fl-5"/>
      </object_component>
      <object_component id="oc-ad">
         <name>.debug_info</name>
         <load_address>0x4a5d</load_address>
         <run_address>0x4a5d</run_address>
         <size>0x7a2</size>
         <input_file_ref idref="fl-5"/>
      </object_component>
      <object_component id="oc-b3">
         <name>.debug_info</name>
         <load_address>0x51ff</load_address>
         <run_address>0x51ff</run_address>
         <size>0x51a</size>
         <input_file_ref idref="fl-6"/>
      </object_component>
      <object_component id="oc-99">
         <name>.debug_info</name>
         <load_address>0x5719</load_address>
         <run_address>0x5719</run_address>
         <size>0x878</size>
         <input_file_ref idref="fl-6"/>
      </object_component>
      <object_component id="oc-1c2">
         <name>.debug_info</name>
         <load_address>0x5f91</load_address>
         <run_address>0x5f91</run_address>
         <size>0x2c</size>
         <input_file_ref idref="fl-6"/>
      </object_component>
      <object_component id="oc-10d">
         <name>.debug_info</name>
         <load_address>0x5fbd</load_address>
         <run_address>0x5fbd</run_address>
         <size>0x3e4</size>
         <input_file_ref idref="fl-c"/>
      </object_component>
      <object_component id="oc-18e">
         <name>.debug_info</name>
         <load_address>0x63a1</load_address>
         <run_address>0x63a1</run_address>
         <size>0x164</size>
         <input_file_ref idref="fl-c"/>
      </object_component>
      <object_component id="oc-13d">
         <name>.debug_info</name>
         <load_address>0x6505</load_address>
         <run_address>0x6505</run_address>
         <size>0x2ac</size>
         <input_file_ref idref="fl-c"/>
      </object_component>
      <object_component id="oc-10a">
         <name>.debug_info</name>
         <load_address>0x67b1</load_address>
         <run_address>0x67b1</run_address>
         <size>0x2bc</size>
         <input_file_ref idref="fl-c"/>
      </object_component>
      <object_component id="oc-104">
         <name>.debug_info</name>
         <load_address>0x6a6d</load_address>
         <run_address>0x6a6d</run_address>
         <size>0x31f</size>
         <input_file_ref idref="fl-c"/>
      </object_component>
      <object_component id="oc-a8">
         <name>.debug_info</name>
         <load_address>0x6d8c</load_address>
         <run_address>0x6d8c</run_address>
         <size>0x29b</size>
         <input_file_ref idref="fl-c"/>
      </object_component>
      <object_component id="oc-84">
         <name>.debug_info</name>
         <load_address>0x7027</load_address>
         <run_address>0x7027</run_address>
         <size>0x2c0</size>
         <input_file_ref idref="fl-c"/>
      </object_component>
      <object_component id="oc-a2">
         <name>.debug_info</name>
         <load_address>0x72e7</load_address>
         <run_address>0x72e7</run_address>
         <size>0x289</size>
         <input_file_ref idref="fl-c"/>
      </object_component>
      <object_component id="oc-219">
         <name>.debug_info</name>
         <load_address>0x7570</load_address>
         <run_address>0x7570</run_address>
         <size>0x26b</size>
         <input_file_ref idref="fl-c"/>
      </object_component>
      <object_component id="oc-209">
         <name>.debug_info</name>
         <load_address>0x77db</load_address>
         <run_address>0x77db</run_address>
         <size>0x297</size>
         <input_file_ref idref="fl-c"/>
      </object_component>
      <object_component id="oc-214">
         <name>.debug_info</name>
         <load_address>0x7a72</load_address>
         <run_address>0x7a72</run_address>
         <size>0xef</size>
         <input_file_ref idref="fl-c"/>
      </object_component>
      <object_component id="oc-f9">
         <name>.debug_info</name>
         <load_address>0x7b61</load_address>
         <run_address>0x7b61</run_address>
         <size>0xbb</size>
         <input_file_ref idref="fl-c"/>
      </object_component>
      <object_component id="oc-119">
         <name>.debug_info</name>
         <load_address>0x7c1c</load_address>
         <run_address>0x7c1c</run_address>
         <size>0x3b7</size>
         <input_file_ref idref="fl-d"/>
      </object_component>
      <object_component id="oc-116">
         <name>.debug_info</name>
         <load_address>0x7fd3</load_address>
         <run_address>0x7fd3</run_address>
         <size>0x15b</size>
         <input_file_ref idref="fl-d"/>
      </object_component>
      <object_component id="oc-230">
         <name>.debug_info</name>
         <load_address>0x812e</load_address>
         <run_address>0x812e</run_address>
         <size>0x161</size>
         <input_file_ref idref="fl-d"/>
      </object_component>
      <object_component id="oc-22c">
         <name>.debug_info</name>
         <load_address>0x828f</load_address>
         <run_address>0x828f</run_address>
         <size>0x160</size>
         <input_file_ref idref="fl-d"/>
      </object_component>
      <object_component id="oc-235">
         <name>.debug_info</name>
         <load_address>0x83ef</load_address>
         <run_address>0x83ef</run_address>
         <size>0x22e</size>
         <input_file_ref idref="fl-d"/>
      </object_component>
      <object_component id="oc-12d">
         <name>.debug_info</name>
         <load_address>0x861d</load_address>
         <run_address>0x861d</run_address>
         <size>0x279</size>
         <input_file_ref idref="fl-d"/>
      </object_component>
      <object_component id="oc-121">
         <name>.debug_info</name>
         <load_address>0x8896</load_address>
         <run_address>0x8896</run_address>
         <size>0x2ca</size>
         <input_file_ref idref="fl-d"/>
      </object_component>
      <object_component id="oc-88">
         <name>.debug_info</name>
         <load_address>0x8b60</load_address>
         <run_address>0x8b60</run_address>
         <size>0x247</size>
         <input_file_ref idref="fl-d"/>
      </object_component>
      <object_component id="oc-8e">
         <name>.debug_info</name>
         <load_address>0x8da7</load_address>
         <run_address>0x8da7</run_address>
         <size>0x271</size>
         <input_file_ref idref="fl-d"/>
      </object_component>
      <object_component id="oc-128">
         <name>.debug_info</name>
         <load_address>0x9018</load_address>
         <run_address>0x9018</run_address>
         <size>0x273</size>
         <input_file_ref idref="fl-d"/>
      </object_component>
      <object_component id="oc-fe">
         <name>.debug_info</name>
         <load_address>0x928b</load_address>
         <run_address>0x928b</run_address>
         <size>0x441</size>
         <input_file_ref idref="fl-e"/>
      </object_component>
      <object_component id="oc-193">
         <name>.debug_info</name>
         <load_address>0x96cc</load_address>
         <run_address>0x96cc</run_address>
         <size>0x28c</size>
         <input_file_ref idref="fl-e"/>
      </object_component>
      <object_component id="oc-7b">
         <name>.debug_info</name>
         <load_address>0x9958</load_address>
         <run_address>0x9958</run_address>
         <size>0x286</size>
         <input_file_ref idref="fl-e"/>
      </object_component>
      <object_component id="oc-76">
         <name>.debug_info</name>
         <load_address>0x9bde</load_address>
         <run_address>0x9bde</run_address>
         <size>0x2e4</size>
         <input_file_ref idref="fl-e"/>
      </object_component>
      <object_component id="oc-210">
         <name>.debug_info</name>
         <load_address>0x9ec2</load_address>
         <run_address>0x9ec2</run_address>
         <size>0x51</size>
         <input_file_ref idref="fl-e"/>
      </object_component>
      <object_component id="oc-110">
         <name>.debug_info</name>
         <load_address>0x9f13</load_address>
         <run_address>0x9f13</run_address>
         <size>0x21b</size>
         <input_file_ref idref="fl-f"/>
      </object_component>
      <object_component id="oc-27e">
         <name>.debug_info</name>
         <load_address>0xa12e</load_address>
         <run_address>0xa12e</run_address>
         <size>0x363</size>
         <input_file_ref idref="fl-c5"/>
      </object_component>
      <object_component id="oc-270">
         <name>.debug_info</name>
         <load_address>0xa491</load_address>
         <run_address>0xa491</run_address>
         <size>0x128</size>
         <input_file_ref idref="fl-c5"/>
      </object_component>
      <object_component id="oc-16f">
         <name>.debug_info</name>
         <load_address>0xa5b9</load_address>
         <run_address>0xa5b9</run_address>
         <size>0xbdf</size>
         <input_file_ref idref="fl-c5"/>
      </object_component>
      <object_component id="oc-2dc">
         <name>.debug_info</name>
         <load_address>0xb198</load_address>
         <run_address>0xb198</run_address>
         <size>0x46</size>
         <input_file_ref idref="fl-c5"/>
      </object_component>
      <object_component id="oc-24a">
         <name>.debug_info</name>
         <load_address>0xb1de</load_address>
         <run_address>0xb1de</run_address>
         <size>0x39</size>
         <input_file_ref idref="fl-c5"/>
      </object_component>
      <object_component id="oc-24f">
         <name>.debug_info</name>
         <load_address>0xb217</load_address>
         <run_address>0xb217</run_address>
         <size>0x2ca</size>
         <input_file_ref idref="fl-c6"/>
      </object_component>
      <object_component id="oc-145">
         <name>.debug_info</name>
         <load_address>0xb4e1</load_address>
         <run_address>0xb4e1</run_address>
         <size>0x24e</size>
         <input_file_ref idref="fl-c6"/>
      </object_component>
      <object_component id="oc-29c">
         <name>.debug_info</name>
         <load_address>0xb72f</load_address>
         <run_address>0xb72f</run_address>
         <size>0x366</size>
         <input_file_ref idref="fl-c7"/>
      </object_component>
      <object_component id="oc-187">
         <name>.debug_info</name>
         <load_address>0xba95</load_address>
         <run_address>0xba95</run_address>
         <size>0x79b</size>
         <input_file_ref idref="fl-c7"/>
      </object_component>
      <object_component id="oc-336">
         <name>.debug_info</name>
         <load_address>0xc230</load_address>
         <run_address>0xc230</run_address>
         <size>0x2fd</size>
         <input_file_ref idref="fl-c8"/>
      </object_component>
      <object_component id="oc-278">
         <name>.debug_info</name>
         <load_address>0xc52d</load_address>
         <run_address>0xc52d</run_address>
         <size>0x225</size>
         <input_file_ref idref="fl-c8"/>
      </object_component>
      <object_component id="oc-3ce">
         <name>.debug_info</name>
         <load_address>0xc752</load_address>
         <run_address>0xc752</run_address>
         <size>0x39</size>
         <input_file_ref idref="fl-c8"/>
      </object_component>
      <object_component id="oc-337">
         <name>.debug_info</name>
         <load_address>0xc78b</load_address>
         <run_address>0xc78b</run_address>
         <size>0x2c</size>
         <input_file_ref idref="fl-c8"/>
      </object_component>
      <object_component id="oc-29a">
         <name>.debug_info</name>
         <load_address>0xc7b7</load_address>
         <run_address>0xc7b7</run_address>
         <size>0x366</size>
         <input_file_ref idref="fl-c9"/>
      </object_component>
      <object_component id="oc-182">
         <name>.debug_info</name>
         <load_address>0xcb1d</load_address>
         <run_address>0xcb1d</run_address>
         <size>0x796</size>
         <input_file_ref idref="fl-c9"/>
      </object_component>
      <object_component id="oc-330">
         <name>.debug_info</name>
         <load_address>0xd2b3</load_address>
         <run_address>0xd2b3</run_address>
         <size>0x161</size>
         <input_file_ref idref="fl-ca"/>
      </object_component>
      <object_component id="oc-266">
         <name>.debug_info</name>
         <load_address>0xd414</load_address>
         <run_address>0xd414</run_address>
         <size>0x333</size>
         <input_file_ref idref="fl-cb"/>
      </object_component>
      <object_component id="oc-156">
         <name>.debug_info</name>
         <load_address>0xd747</load_address>
         <run_address>0xd747</run_address>
         <size>0x1d1</size>
         <input_file_ref idref="fl-cb"/>
      </object_component>
      <object_component id="oc-25a">
         <name>.debug_info</name>
         <load_address>0xd918</load_address>
         <run_address>0xd918</run_address>
         <size>0x18d</size>
         <input_file_ref idref="fl-cb"/>
      </object_component>
      <object_component id="oc-260">
         <name>.debug_info</name>
         <load_address>0xdaa5</load_address>
         <run_address>0xdaa5</run_address>
         <size>0x16d</size>
         <input_file_ref idref="fl-cb"/>
      </object_component>
      <object_component id="oc-3ba">
         <name>.debug_info</name>
         <load_address>0xdc12</load_address>
         <run_address>0xdc12</run_address>
         <size>0x2c</size>
         <input_file_ref idref="fl-cb"/>
      </object_component>
      <object_component id="oc-241">
         <name>.debug_info</name>
         <load_address>0xdc3e</load_address>
         <run_address>0xdc3e</run_address>
         <size>0x14c</size>
         <input_file_ref idref="fl-cc"/>
      </object_component>
      <object_component id="oc-14b">
         <name>.debug_info</name>
         <load_address>0xdd8a</load_address>
         <run_address>0xdd8a</run_address>
         <size>0x128</size>
         <input_file_ref idref="fl-cd"/>
      </object_component>
      <object_component id="oc-274">
         <name>.debug_info</name>
         <load_address>0xdeb2</load_address>
         <run_address>0xdeb2</run_address>
         <size>0x12a</size>
         <input_file_ref idref="fl-cd"/>
      </object_component>
      <object_component id="oc-17d">
         <name>.debug_info</name>
         <load_address>0xdfdc</load_address>
         <run_address>0xdfdc</run_address>
         <size>0x13a</size>
         <input_file_ref idref="fl-ce"/>
      </object_component>
      <object_component id="oc-177">
         <name>.debug_info</name>
         <load_address>0xe116</load_address>
         <run_address>0xe116</run_address>
         <size>0x13a</size>
         <input_file_ref idref="fl-cf"/>
      </object_component>
      <object_component id="oc-283">
         <name>.debug_info</name>
         <load_address>0xe250</load_address>
         <run_address>0xe250</run_address>
         <size>0x12e</size>
         <input_file_ref idref="fl-d0"/>
      </object_component>
      <object_component id="oc-16b">
         <name>.debug_info</name>
         <load_address>0xe37e</load_address>
         <run_address>0xe37e</run_address>
         <size>0x12c</size>
         <input_file_ref idref="fl-d1"/>
      </object_component>
      <object_component id="oc-140">
         <name>.debug_info</name>
         <load_address>0xe4aa</load_address>
         <run_address>0xe4aa</run_address>
         <size>0x12c</size>
         <input_file_ref idref="fl-d2"/>
      </object_component>
      <object_component id="oc-42">
         <name>.debug_info</name>
         <load_address>0xe5d6</load_address>
         <run_address>0xe5d6</run_address>
         <size>0x119</size>
         <input_file_ref idref="fl-d3"/>
      </object_component>
      <object_component id="oc-1a2">
         <name>.debug_info</name>
         <load_address>0xe6ef</load_address>
         <run_address>0xe6ef</run_address>
         <size>0x142</size>
         <input_file_ref idref="fl-d4"/>
      </object_component>
      <object_component id="oc-de">
         <name>.debug_info</name>
         <load_address>0xe831</load_address>
         <run_address>0xe831</run_address>
         <size>0x2d4</size>
         <input_file_ref idref="fl-d5"/>
      </object_component>
      <object_component id="oc-51">
         <name>.debug_info</name>
         <load_address>0xeb05</load_address>
         <run_address>0xeb05</run_address>
         <size>0x1d2</size>
         <input_file_ref idref="fl-d5"/>
      </object_component>
      <object_component id="oc-d9">
         <name>.debug_info</name>
         <load_address>0xecd7</load_address>
         <run_address>0xecd7</run_address>
         <size>0x46</size>
         <input_file_ref idref="fl-d5"/>
      </object_component>
      <object_component id="oc-4c">
         <name>.debug_info</name>
         <load_address>0xed1d</load_address>
         <run_address>0xed1d</run_address>
         <size>0x2a8</size>
         <input_file_ref idref="fl-d6"/>
      </object_component>
      <object_component id="oc-1f">
         <name>.debug_info</name>
         <load_address>0xefc5</load_address>
         <run_address>0xefc5</run_address>
         <size>0x1ea</size>
         <input_file_ref idref="fl-d6"/>
      </object_component>
      <object_component id="oc-47">
         <name>.debug_info</name>
         <load_address>0xf1af</load_address>
         <run_address>0xf1af</run_address>
         <size>0x46</size>
         <input_file_ref idref="fl-d6"/>
      </object_component>
      <object_component id="oc-d1">
         <name>.debug_info</name>
         <load_address>0xf1f5</load_address>
         <run_address>0xf1f5</run_address>
         <size>0x2c</size>
         <input_file_ref idref="fl-d6"/>
      </object_component>
      <object_component id="oc-cf">
         <name>.debug_info</name>
         <load_address>0xf221</load_address>
         <run_address>0xf221</run_address>
         <size>0x29e</size>
         <input_file_ref idref="fl-d7"/>
      </object_component>
      <object_component id="oc-18">
         <name>.debug_info</name>
         <load_address>0xf4bf</load_address>
         <run_address>0xf4bf</run_address>
         <size>0x250</size>
         <input_file_ref idref="fl-d7"/>
      </object_component>
      <object_component id="oc-37">
         <name>.debug_info</name>
         <load_address>0xf70f</load_address>
         <run_address>0xf70f</run_address>
         <size>0x60</size>
         <input_file_ref idref="fl-d7"/>
      </object_component>
      <object_component id="oc-1bb">
         <name>.debug_info</name>
         <load_address>0xf76f</load_address>
         <run_address>0xf76f</run_address>
         <size>0x46</size>
         <input_file_ref idref="fl-d7"/>
      </object_component>
      <object_component id="oc-ca">
         <name>.debug_info</name>
         <load_address>0xf7b5</load_address>
         <run_address>0xf7b5</run_address>
         <size>0x39</size>
         <input_file_ref idref="fl-d7"/>
      </object_component>
      <object_component id="oc-26d">
         <name>.debug_info</name>
         <load_address>0xf7ee</load_address>
         <run_address>0xf7ee</run_address>
         <size>0x2b9</size>
         <input_file_ref idref="fl-d8"/>
      </object_component>
      <object_component id="oc-163">
         <name>.debug_info</name>
         <load_address>0xfaa7</load_address>
         <run_address>0xfaa7</run_address>
         <size>0x17c</size>
         <input_file_ref idref="fl-d8"/>
      </object_component>
      <object_component id="oc-329">
         <name>.debug_info</name>
         <load_address>0xfc23</load_address>
         <run_address>0xfc23</run_address>
         <size>0xf9</size>
         <input_file_ref idref="fl-d9"/>
      </object_component>
      <object_component id="oc-26a">
         <name>.debug_info</name>
         <load_address>0xfd1c</load_address>
         <run_address>0xfd1c</run_address>
         <size>0x105</size>
         <input_file_ref idref="fl-d9"/>
      </object_component>
      <object_component id="oc-268">
         <name>.debug_info</name>
         <load_address>0xfe21</load_address>
         <run_address>0xfe21</run_address>
         <size>0x2a4</size>
         <input_file_ref idref="fl-da"/>
      </object_component>
      <object_component id="oc-15c">
         <name>.debug_info</name>
         <load_address>0x100c5</load_address>
         <run_address>0x100c5</run_address>
         <size>0x267</size>
         <input_file_ref idref="fl-da"/>
      </object_component>
      <object_component id="oc-252">
         <name>.debug_info</name>
         <load_address>0x1032c</load_address>
         <run_address>0x1032c</run_address>
         <size>0x2a4</size>
         <input_file_ref idref="fl-db"/>
      </object_component>
      <object_component id="oc-151">
         <name>.debug_info</name>
         <load_address>0x105d0</load_address>
         <run_address>0x105d0</run_address>
         <size>0x24d</size>
         <input_file_ref idref="fl-db"/>
      </object_component>
      <object_component id="oc-34b">
         <name>.debug_info</name>
         <load_address>0x1081d</load_address>
         <run_address>0x1081d</run_address>
         <size>0x3aa</size>
         <input_file_ref idref="fl-dc"/>
      </object_component>
      <object_component id="oc-348">
         <name>.debug_info</name>
         <load_address>0x10bc7</load_address>
         <run_address>0x10bc7</run_address>
         <size>0x13a</size>
         <input_file_ref idref="fl-dc"/>
      </object_component>
      <object_component id="oc-28e">
         <name>.debug_info</name>
         <load_address>0x10d01</load_address>
         <run_address>0x10d01</run_address>
         <size>0x72f</size>
         <input_file_ref idref="fl-dc"/>
      </object_component>
      <object_component id="oc-2db">
         <name>.debug_info</name>
         <load_address>0x11430</load_address>
         <run_address>0x11430</run_address>
         <size>0x289</size>
         <input_file_ref idref="fl-dd"/>
      </object_component>
      <object_component id="oc-2d8">
         <name>.debug_info</name>
         <load_address>0x116b9</load_address>
         <run_address>0x116b9</run_address>
         <size>0x10e</size>
         <input_file_ref idref="fl-dd"/>
      </object_component>
      <object_component id="oc-245">
         <name>.debug_info</name>
         <load_address>0x117c7</load_address>
         <run_address>0x117c7</run_address>
         <size>0x14e</size>
         <input_file_ref idref="fl-dd"/>
      </object_component>
      <object_component id="oc-25">
         <name>.debug_info</name>
         <load_address>0x11915</load_address>
         <run_address>0x11915</run_address>
         <size>0x10b</size>
         <input_file_ref idref="fl-de"/>
      </object_component>
      <object_component id="oc-60">
         <name>.debug_info</name>
         <load_address>0x11a20</load_address>
         <run_address>0x11a20</run_address>
         <size>0x1a9</size>
         <input_file_ref idref="fl-de"/>
      </object_component>
      <object_component id="oc-34e">
         <name>.debug_info</name>
         <load_address>0x11bc9</load_address>
         <run_address>0x11bc9</run_address>
         <size>0x28d</size>
         <input_file_ref idref="fl-df"/>
      </object_component>
      <object_component id="oc-294">
         <name>.debug_info</name>
         <load_address>0x11e56</load_address>
         <run_address>0x11e56</run_address>
         <size>0x327</size>
         <input_file_ref idref="fl-df"/>
      </object_component>
      <object_component id="oc-340">
         <name>.debug_info</name>
         <load_address>0x1217d</load_address>
         <run_address>0x1217d</run_address>
         <size>0x292</size>
         <input_file_ref idref="fl-e0"/>
      </object_component>
      <object_component id="oc-289">
         <name>.debug_info</name>
         <load_address>0x1240f</load_address>
         <run_address>0x1240f</run_address>
         <size>0x380</size>
         <input_file_ref idref="fl-e0"/>
      </object_component>
      <object_component id="oc-3d6">
         <name>.debug_info</name>
         <load_address>0x1278f</load_address>
         <run_address>0x1278f</run_address>
         <size>0x28f</size>
         <input_file_ref idref="fl-e1"/>
      </object_component>
      <object_component id="oc-342">
         <name>.debug_info</name>
         <load_address>0x12a1e</load_address>
         <run_address>0x12a1e</run_address>
         <size>0x22a</size>
         <input_file_ref idref="fl-e1"/>
      </object_component>
      <object_component id="oc-316">
         <name>.debug_info</name>
         <load_address>0x12c48</load_address>
         <run_address>0x12c48</run_address>
         <size>0x590</size>
         <input_file_ref idref="fl-e2"/>
      </object_component>
      <object_component id="oc-2ec">
         <name>.debug_info</name>
         <load_address>0x131d8</load_address>
         <run_address>0x131d8</run_address>
         <size>0x21e</size>
         <input_file_ref idref="fl-e2"/>
      </object_component>
      <object_component id="oc-389">
         <name>.debug_info</name>
         <load_address>0x133f6</load_address>
         <run_address>0x133f6</run_address>
         <size>0x1b3</size>
         <input_file_ref idref="fl-e2"/>
      </object_component>
      <object_component id="oc-38f">
         <name>.debug_info</name>
         <load_address>0x135a9</load_address>
         <run_address>0x135a9</run_address>
         <size>0x21b</size>
         <input_file_ref idref="fl-e2"/>
      </object_component>
      <object_component id="oc-2f2">
         <name>.debug_info</name>
         <load_address>0x137c4</load_address>
         <run_address>0x137c4</run_address>
         <size>0x3c0</size>
         <input_file_ref idref="fl-e2"/>
      </object_component>
      <object_component id="oc-395">
         <name>.debug_info</name>
         <load_address>0x13b84</load_address>
         <run_address>0x13b84</run_address>
         <size>0x30a</size>
         <input_file_ref idref="fl-e2"/>
      </object_component>
      <object_component id="oc-39b">
         <name>.debug_info</name>
         <load_address>0x13e8e</load_address>
         <run_address>0x13e8e</run_address>
         <size>0x215</size>
         <input_file_ref idref="fl-e2"/>
      </object_component>
      <object_component id="oc-2f9">
         <name>.debug_info</name>
         <load_address>0x140a3</load_address>
         <run_address>0x140a3</run_address>
         <size>0x215</size>
         <input_file_ref idref="fl-e2"/>
      </object_component>
      <object_component id="oc-2ff">
         <name>.debug_info</name>
         <load_address>0x142b8</load_address>
         <run_address>0x142b8</run_address>
         <size>0x304</size>
         <input_file_ref idref="fl-e2"/>
      </object_component>
      <object_component id="oc-304">
         <name>.debug_info</name>
         <load_address>0x145bc</load_address>
         <run_address>0x145bc</run_address>
         <size>0x4b5</size>
         <input_file_ref idref="fl-e2"/>
      </object_component>
      <object_component id="oc-255">
         <name>.debug_info</name>
         <load_address>0x14a71</load_address>
         <run_address>0x14a71</run_address>
         <size>0x5f4</size>
         <input_file_ref idref="fl-e2"/>
      </object_component>
      <object_component id="oc-317">
         <name>.debug_info</name>
         <load_address>0x15065</load_address>
         <run_address>0x15065</run_address>
         <size>0x86</size>
         <input_file_ref idref="fl-e2"/>
      </object_component>
      <object_component id="oc-3bf">
         <name>.debug_info</name>
         <load_address>0x150eb</load_address>
         <run_address>0x150eb</run_address>
         <size>0x39</size>
         <input_file_ref idref="fl-e2"/>
      </object_component>
      <object_component id="oc-402">
         <name>.debug_info</name>
         <load_address>0x15124</load_address>
         <run_address>0x15124</run_address>
         <size>0xb6</size>
         <input_file_ref idref="fl-e2"/>
      </object_component>
      <object_component id="oc-3c4">
         <name>.debug_info</name>
         <load_address>0x151da</load_address>
         <run_address>0x151da</run_address>
         <size>0x46</size>
         <input_file_ref idref="fl-e2"/>
      </object_component>
      <object_component id="oc-31c">
         <name>.debug_info</name>
         <load_address>0x15220</load_address>
         <run_address>0x15220</run_address>
         <size>0x46</size>
         <input_file_ref idref="fl-e2"/>
      </object_component>
      <object_component id="oc-2a8">
         <name>.debug_info</name>
         <load_address>0x15266</load_address>
         <run_address>0x15266</run_address>
         <size>0x115</size>
         <input_file_ref idref="fl-e3"/>
      </object_component>
      <object_component id="oc-e0">
         <name>.debug_info</name>
         <load_address>0x1537b</load_address>
         <run_address>0x1537b</run_address>
         <size>0x147</size>
         <input_file_ref idref="fl-e4"/>
      </object_component>
      <object_component id="oc-37c">
         <name>.debug_info</name>
         <load_address>0x154c2</load_address>
         <run_address>0x154c2</run_address>
         <size>0x134</size>
         <input_file_ref idref="fl-e5"/>
      </object_component>
      <object_component id="oc-2bc">
         <name>.debug_info</name>
         <load_address>0x155f6</load_address>
         <run_address>0x155f6</run_address>
         <size>0x4b3</size>
         <input_file_ref idref="fl-e6"/>
      </object_component>
      <object_component id="oc-1d9">
         <name>.debug_info</name>
         <load_address>0x15aa9</load_address>
         <run_address>0x15aa9</run_address>
         <size>0x1a6</size>
         <input_file_ref idref="fl-e6"/>
      </object_component>
      <object_component id="oc-364">
         <name>.debug_info</name>
         <load_address>0x15c4f</load_address>
         <run_address>0x15c4f</run_address>
         <size>0x39</size>
         <input_file_ref idref="fl-e6"/>
      </object_component>
      <object_component id="oc-3e0">
         <name>.debug_info</name>
         <load_address>0x15c88</load_address>
         <run_address>0x15c88</run_address>
         <size>0x39</size>
         <input_file_ref idref="fl-e6"/>
      </object_component>
      <object_component id="oc-369">
         <name>.debug_info</name>
         <load_address>0x15cc1</load_address>
         <run_address>0x15cc1</run_address>
         <size>0x39</size>
         <input_file_ref idref="fl-e6"/>
      </object_component>
      <object_component id="oc-36e">
         <name>.debug_info</name>
         <load_address>0x15cfa</load_address>
         <run_address>0x15cfa</run_address>
         <size>0xcd</size>
         <input_file_ref idref="fl-e6"/>
      </object_component>
      <object_component id="oc-e6">
         <name>.debug_info</name>
         <load_address>0x15dc7</load_address>
         <run_address>0x15dc7</run_address>
         <size>0x153</size>
         <input_file_ref idref="fl-e7"/>
      </object_component>
      <object_component id="oc-1ce">
         <name>.debug_info</name>
         <load_address>0x15f1a</load_address>
         <run_address>0x15f1a</run_address>
         <size>0x122</size>
         <input_file_ref idref="fl-e9"/>
      </object_component>
      <object_component id="oc-3f0">
         <name>.debug_info</name>
         <load_address>0x1603c</load_address>
         <run_address>0x1603c</run_address>
         <size>0x29c</size>
         <input_file_ref idref="fl-eb"/>
      </object_component>
      <object_component id="oc-385">
         <name>.debug_info</name>
         <load_address>0x162d8</load_address>
         <run_address>0x162d8</run_address>
         <size>0x1da</size>
         <input_file_ref idref="fl-eb"/>
      </object_component>
      <object_component id="oc-3b0">
         <name>.debug_info</name>
         <load_address>0x164b2</load_address>
         <run_address>0x164b2</run_address>
         <size>0x2a7</size>
         <input_file_ref idref="fl-ed"/>
      </object_component>
      <object_component id="oc-30c">
         <name>.debug_info</name>
         <load_address>0x16759</load_address>
         <run_address>0x16759</run_address>
         <size>0x1b8</size>
         <input_file_ref idref="fl-ed"/>
      </object_component>
      <object_component id="oc-3f8">
         <name>.debug_info</name>
         <load_address>0x16911</load_address>
         <run_address>0x16911</run_address>
         <size>0x29a</size>
         <input_file_ref idref="fl-ee"/>
      </object_component>
      <object_component id="oc-3a9">
         <name>.debug_info</name>
         <load_address>0x16bab</load_address>
         <run_address>0x16bab</run_address>
         <size>0x262</size>
         <input_file_ref idref="fl-ee"/>
      </object_component>
      <object_component id="oc-37a">
         <name>.debug_info</name>
         <load_address>0x16e0d</load_address>
         <run_address>0x16e0d</run_address>
         <size>0x28f</size>
         <input_file_ref idref="fl-ef"/>
      </object_component>
      <object_component id="oc-2e8">
         <name>.debug_info</name>
         <load_address>0x1709c</load_address>
         <run_address>0x1709c</run_address>
         <size>0x245</size>
         <input_file_ref idref="fl-ef"/>
      </object_component>
      <object_component id="oc-3f6">
         <name>.debug_info</name>
         <load_address>0x172e1</load_address>
         <run_address>0x172e1</run_address>
         <size>0x29a</size>
         <input_file_ref idref="fl-f0"/>
      </object_component>
      <object_component id="oc-3a3">
         <name>.debug_info</name>
         <load_address>0x1757b</load_address>
         <run_address>0x1757b</run_address>
         <size>0x195</size>
         <input_file_ref idref="fl-f0"/>
      </object_component>
      <object_component id="oc-3b7">
         <name>.debug_info</name>
         <load_address>0x17710</load_address>
         <run_address>0x17710</run_address>
         <size>0x28f</size>
         <input_file_ref idref="fl-f1"/>
[...]
      </symbol>
      <symbol id="sm-120">
         <name>UARTTxIntModeGet</name>
         <value>0x27b1</value>
         <object_component_ref idref="oc-92"/>
      </symbol>
      <symbol id="sm-121">
         <name>UARTModemStatusGet</name>
         <value>0x2753</value>
         <object_component_ref idref="oc-92"/>
      </symbol>
      <symbol id="sm-122">
         <name>UARTIntDisable</name>
         <value>0x2911</value>
         <object_component_ref idref="oc-92"/>
      </symbol>
      <symbol id="sm-123">
         <name>UARTCharPut</name>
         <value>0x2855</value>
         <object_component_ref idref="oc-92"/>
      </symbol>
      <symbol id="sm-124">
         <name>UARTParityModeSet</name>
         <value>0x24af</value>
         <object_component_ref idref="oc-92"/>
      </symbol>
      <symbol id="sm-125">
         <name>UARTRxErrorGet</name>
         <value>0x2989</value>
         <object_component_ref idref="oc-92"/>
      </symbol>
      <symbol id="sm-126">
         <name>UARTConfigGetExpClk</name>
         <value>0x2593</value>
         <object_component_ref idref="oc-92"/>
      </symbol>
      <symbol id="sm-127">
         <name>UARTEnableSIR</name>
         <value>0x2659</value>
         <object_component_ref idref="oc-92"/>
      </symbol>
      <symbol id="sm-128">
         <name>UARTEnable</name>
         <value>0x25df</value>
         <object_component_ref idref="oc-92"/>
      </symbol>
      <symbol id="sm-129">
         <name>UART9BitAddrSend</name>
         <value>0x2a21</value>
         <object_component_ref idref="oc-92"/>
      </symbol>
      <symbol id="sm-12a">
         <name>UARTModemControlGet</name>
         <value>0x2741</value>
         <object_component_ref idref="oc-92"/>
      </symbol>
      <symbol id="sm-12b">
         <name>UARTSmartCardEnable</name>
         <value>0x269d</value>
         <object_component_ref idref="oc-92"/>
      </symbol>
      <symbol id="sm-12c">
         <name>UARTFlowControlGet</name>
         <value>0x2783</value>
         <object_component_ref idref="oc-92"/>
      </symbol>
      <symbol id="sm-12d">
         <name>UARTFIFOEnable</name>
         <value>0x262d</value>
         <object_component_ref idref="oc-92"/>
      </symbol>
      <symbol id="sm-12e">
         <name>UARTIntClear</name>
         <value>0x2947</value>
         <object_component_ref idref="oc-92"/>
      </symbol>
      <symbol id="sm-12f">
         <name>UARTIntStatus</name>
         <value>0x2929</value>
         <object_component_ref idref="oc-92"/>
      </symbol>
      <symbol id="sm-130">
         <name>UARTDMADisable</name>
         <value>0x2971</value>
         <object_component_ref idref="oc-92"/>
      </symbol>
      <symbol id="sm-131">
         <name>UART9BitEnable</name>
         <value>0x29cf</value>
         <object_component_ref idref="oc-92"/>
      </symbol>
      <symbol id="sm-132">
         <name>UARTSpaceAvail</name>
         <value>0x27e1</value>
         <object_component_ref idref="oc-92"/>
      </symbol>
      <symbol id="sm-133">
         <name>UARTCharGet</name>
         <value>0x281b</value>
         <object_component_ref idref="oc-92"/>
      </symbol>
      <symbol id="sm-134">
         <name>UARTFIFOLevelSet</name>
         <value>0x24dd</value>
         <object_component_ref idref="oc-92"/>
      </symbol>
      <symbol id="sm-135">
         <name>UARTModemControlClear</name>
         <value>0x271d</value>
         <object_component_ref idref="oc-92"/>
      </symbol>
      <symbol id="sm-136">
         <name>UARTParityModeGet</name>
         <value>0x24cb</value>
         <object_component_ref idref="oc-92"/>
      </symbol>
      <symbol id="sm-137">
         <name>UARTIntRegister</name>
         <value>0x28bb</value>
         <object_component_ref idref="oc-92"/>
      </symbol>
      <symbol id="sm-138">
         <name>UARTBreakCtl</name>
         <value>0x2873</value>
         <object_component_ref idref="oc-92"/>
      </symbol>
      <symbol id="sm-139">
         <name>UART9BitAddrSet</name>
         <value>0x29fb</value>
         <object_component_ref idref="oc-92"/>
      </symbol>
      <symbol id="sm-1a9">
         <name>UARTgetc</name>
         <value>0x3771</value>
         <object_component_ref idref="oc-aa"/>
      </symbol>
      <symbol id="sm-1aa">
         <name>UARTgets</name>
         <value>0x36b7</value>
         <object_component_ref idref="oc-aa"/>
      </symbol>
      <symbol id="sm-1ab">
         <name>UARTStdioConfig</name>
         <value>0x3621</value>
         <object_component_ref idref="oc-aa"/>
      </symbol>
      <symbol id="sm-1ac">
         <name>UARTwrite</name>
         <value>0x3667</value>
         <object_component_ref idref="oc-aa"/>
      </symbol>
      <symbol id="sm-1ad">
         <name>UARTprintf</name>
         <value>0x3a93</value>
         <object_component_ref idref="oc-aa"/>
      </symbol>
      <symbol id="sm-1ae">
         <name>UARTvprintf</name>
         <value>0x3799</value>
         <object_component_ref idref="oc-aa"/>
      </symbol>
      <symbol id="sm-238">
         <name>Prime</name>
         <value>0x1ea5</value>
         <object_component_ref idref="oc-98"/>
      </symbol>
      <symbol id="sm-239">
         <name>Integer_Fac</name>
         <value>0x1efb</value>
         <object_component_ref idref="oc-98"/>
      </symbol>
      <symbol id="sm-23a">
         <name>Factorial</name>
         <value>0x1e7b</value>
         <object_component_ref idref="oc-98"/>
      </symbol>
      <symbol id="sm-23b">
         <name>Error_Notice</name>
         <value>0x1db5</value>
         <object_component_ref idref="oc-98"/>
      </symbol>
      <symbol id="sm-23c">
         <name>Check_Number</name>
         <value>0x1dcf</value>
         <object_component_ref idref="oc-98"/>
      </symbol>
      <symbol id="sm-23d">
         <name>Check_Oper</name>
         <value>0x1e0f</value>
         <object_component_ref idref="oc-98"/>
      </symbol>
      <symbol id="sm-23e">
         <name>Serial_Cal</name>
         <value>0x1fad</value>
         <object_component_ref idref="oc-98"/>
      </symbol>
      <symbol id="sm-29c">
         <name>GPIOPinConfigure</name>
         <value>0x5569</value>
         <object_component_ref idref="oc-9e"/>
      </symbol>
      <symbol id="sm-29d">
         <name>GPIOPinTypeUART</name>
         <value>0x5955</value>
         <object_component_ref idref="oc-a4"/>
      </symbol>
      <symbol id="sm-29e">
         <name>GPIOPinTypeGPIOOutput</name>
         <value>0x5909</value>
         <object_component_ref idref="oc-80"/>
      </symbol>
      <symbol id="sm-29f">
         <name>GPIODirModeSet</name>
         <value>0x5887</value>
         <object_component_ref idref="oc-106"/>
      </symbol>
      <symbol id="sm-2a0">
         <name>GPIOPinWrite</name>
         <value>0x5a19</value>
         <object_component_ref idref="oc-139"/>
      </symbol>
      <symbol id="sm-2a1">
         <name>GPIOPadConfigSet</name>
         <value>0x4235</value>
         <object_component_ref idref="oc-100"/>
      </symbol>
      <symbol id="sm-30a">
         <name>IntEnable</name>
         <value>0x5339</value>
         <object_component_ref idref="oc-8c"/>
      </symbol>
      <symbol id="sm-30b">
         <name>IntDisable</name>
         <value>0x52d1</value>
         <object_component_ref idref="oc-126"/>
      </symbol>
      <symbol id="sm-30c">
         <name>IntRegister</name>
         <value>0x57bd</value>
         <object_component_ref idref="oc-120"/>
      </symbol>
      <symbol id="sm-30d">
         <name>IntUnregister</name>
         <value>0x5981</value>
         <object_component_ref idref="oc-12c"/>
      </symbol>
      <symbol id="sm-30e">
         <name>g_pfnRAMVectors</name>
         <value>0x20000000</value>
         <object_component_ref idref="oc-22b"/>
      </symbol>
      <symbol id="sm-30f">
         <name>IntMasterEnable</name>
         <value>0x59cf</value>
         <object_component_ref idref="oc-86"/>
      </symbol>
      <symbol id="sm-345">
         <name>SysCtlPeripheralPresent</name>
         <value>0x574d</value>
         <object_component_ref idref="oc-192"/>
      </symbol>
      <symbol id="sm-346">
         <name>SysCtlClockSet</name>
         <value>0x4e05</value>
         <object_component_ref idref="oc-74"/>
      </symbol>
      <symbol id="sm-347">
         <name>SysCtlDelay</name>
         <value>0x5a1f</value>
         <object_component_ref idref="oc-f7"/>
      </symbol>
      <symbol id="sm-348">
         <name>SysCtlPeripheralEnable</name>
         <value>0x57f1</value>
         <object_component_ref idref="oc-7a"/>
      </symbol>
      <symbol id="sm-352">
         <name>CPUcpsie</name>
         <value>0x59ed</value>
         <object_component_ref idref="oc-10e"/>
      </symbol>
      <symbol id="sm-3e9">
         <name>pow</name>
         <value>0xcbd</value>
         <object_component_ref idref="oc-16d"/>
      </symbol>
      <symbol id="sm-3ea">
         <name>powl</name>
         <value>0xcbd</value>
         <object_component_ref idref="oc-16d"/>
      </symbol>
      <symbol id="sm-40c">
         <name>sqrtl</name>
         <value>0x450d</value>
         <object_component_ref idref="oc-144"/>
      </symbol>
      <symbol id="sm-40d">
         <name>sqrt</name>
         <value>0x450d</value>
         <object_component_ref idref="oc-144"/>
      </symbol>
      <symbol id="sm-45e">
         <name>cosl</name>
         <value>0x2a81</value>
         <object_component_ref idref="oc-186"/>
      </symbol>
      <symbol id="sm-45f">
         <name>cos</name>
         <value>0x2a81</value>
         <object_component_ref idref="oc-186"/>
      </symbol>
      <symbol id="sm-486">
         <name>scalbn</name>
         <value>0x49fd</value>
         <object_component_ref idref="oc-277"/>
      </symbol>
      <symbol id="sm-487">
         <name>scalbnl</name>
         <value>0x49fd</value>
         <object_component_ref idref="oc-277"/>
      </symbol>
      <symbol id="sm-488">
         <name>ldexpl</name>
         <value>0x49fd</value>
         <object_component_ref idref="oc-277"/>
      </symbol>
      <symbol id="sm-489">
         <name>ldexp</name>
         <value>0x49fd</value>
         <object_component_ref idref="oc-277"/>
      </symbol>
      <symbol id="sm-4d5">
         <name>sin</name>
         <value>0x305d</value>
         <object_component_ref idref="oc-180"/>
      </symbol>
      <symbol id="sm-4d6">
         <name>sinl</name>
         <value>0x305d</value>
         <object_component_ref idref="oc-180"/>
      </symbol>
      <symbol id="sm-4e0">
         <name>copysign</name>
         <value>0x5923</value>
         <object_component_ref idref="oc-32f"/>
      </symbol>
      <symbol id="sm-4e1">
         <name>copysignl</name>
         <value>0x5923</value>
         <object_component_ref idref="oc-32f"/>
      </symbol>
      <symbol id="sm-508">
         <name>sprintf</name>
         <value>0x56cd</value>
         <object_component_ref idref="oc-155"/>
      </symbol>
      <symbol id="sm-51f">
         <name>__aeabi_dsub</name>
         <value>0x3f09</value>
         <object_component_ref idref="oc-23e"/>
      </symbol>
      <symbol id="sm-520">
         <name>__aeabi_dadd</name>
         <value>0x3f13</value>
         <object_component_ref idref="oc-23e"/>
      </symbol>
      <symbol id="sm-542">
         <name>__aeabi_cdcmpeq</name>
         <value>0x50dd</value>
         <object_component_ref idref="oc-14a"/>
      </symbol>
      <symbol id="sm-543">
         <name>__aeabi_cdcmple</name>
         <value>0x50dd</value>
         <object_component_ref idref="oc-14a"/>
      </symbol>
      <symbol id="sm-544">
         <name>__aeabi_cdrcmple</name>
         <value>0x5163</value>
         <object_component_ref idref="oc-272"/>
      </symbol>
      <symbol id="sm-558">
         <name>__aeabi_ddiv</name>
         <value>0x47a1</value>
         <object_component_ref idref="oc-17b"/>
      </symbol>
      <symbol id="sm-563">
         <name>__aeabi_dmul</name>
         <value>0x4c11</value>
         <object_component_ref idref="oc-176"/>
      </symbol>
      <symbol id="sm-56d">
         <name>__aeabi_d2iz</name>
         <value>0x5601</value>
         <object_component_ref idref="oc-282"/>
      </symbol>
      <symbol id="sm-578">
         <name>__aeabi_f2d</name>
         <value>0x5785</value>
         <object_component_ref idref="oc-168"/>
      </symbol>
      <symbol id="sm-582">
         <name>__aeabi_i2d</name>
         <value>0x5859</value>
         <object_component_ref idref="oc-13f"/>
      </symbol>
      <symbol id="sm-59d">
         <name>memcpy</name>
         <value>0x4fab</value>
         <object_component_ref idref="oc-41"/>
      </symbol>
      <symbol id="sm-59e">
         <name>__aeabi_memcpy</name>
         <value>0x4fab</value>
         <object_component_ref idref="oc-41"/>
      </symbol>
      <symbol id="sm-59f">
         <name>__aeabi_memcpy8</name>
         <value>0x4fab</value>
         <object_component_ref idref="oc-41"/>
      </symbol>
      <symbol id="sm-5a0">
         <name>__aeabi_memcpy4</name>
         <value>0x4fab</value>
         <object_component_ref idref="oc-41"/>
      </symbol>
      <symbol id="sm-5af">
         <name>__aeabi_uidivmod</name>
         <value>0x568d</value>
         <object_component_ref idref="oc-1a1"/>
      </symbol>
      <symbol id="sm-5b0">
         <name>__aeabi_uidiv</name>
         <value>0x568d</value>
         <object_component_ref idref="oc-1a1"/>
      </symbol>
      <symbol id="sm-5c4">
         <name>__TI_zero_init_nomemset</name>
         <value>0x58d1</value>
         <object_component_ref idref="oc-4d"/>
      </symbol>
      <symbol id="sm-5db">
         <name>__TI_decompress_none</name>
         <value>0x59df</value>
         <object_component_ref idref="oc-1b"/>
      </symbol>
      <symbol id="sm-5fe">
         <name>__TI_decompress_lzss</name>
         <value>0x53a1</value>
         <object_component_ref idref="oc-15"/>
      </symbol>
      <symbol id="sm-614">
         <name>atoi</name>
         <value>0x55b5</value>
         <object_component_ref idref="oc-162"/>
      </symbol>
      <symbol id="sm-61f">
         <name>_ctypes_</name>
         <value>0x5b88</value>
         <object_component_ref idref="oc-269"/>
      </symbol>
      <symbol id="sm-62f">
         <name>strcat</name>
         <value>0x58b3</value>
         <object_component_ref idref="oc-15b"/>
      </symbol>
      <symbol id="sm-63d">
         <name>strcpy</name>
         <value>0x5995</value>
         <object_component_ref idref="oc-14f"/>
      </symbol>
      <symbol id="sm-6a3">
         <name>__kernel_rem_pio2</name>
         <value>0x167d</value>
         <object_component_ref idref="oc-28d"/>
      </symbol>
      <symbol id="sm-6b9">
         <name>__aeabi_errno_addr</name>
         <value>0x5a11</value>
         <object_component_ref idref="oc-243"/>
      </symbol>
      <symbol id="sm-6ba">
         <name>errno</name>
         <value>0x200006f4</value>
         <object_component_ref idref="oc-2d7"/>
      </symbol>
      <symbol id="sm-6cd">
         <name>__stack</name>
         <value>0x20000270</value>
         <object_component_ref idref="oc-24"/>
      </symbol>
      <symbol id="sm-6ce">
         <name>_c_int00_noargs</name>
         <value>0x5825</value>
         <object_component_ref idref="oc-5f"/>
      </symbol>
      <symbol id="sm-6e4">
         <name>__kernel_cos</name>
         <value>0x43a1</value>
         <object_component_ref idref="oc-293"/>
      </symbol>
      <symbol id="sm-6fb">
         <name>__kernel_sin</name>
         <value>0x40c1</value>
         <object_component_ref idref="oc-287"/>
      </symbol>
      <symbol id="sm-718">
         <name>floorl</name>
         <value>0x4d0d</value>
         <object_component_ref idref="oc-341"/>
      </symbol>
      <symbol id="sm-719">
         <name>floor</name>
         <value>0x4d0d</value>
         <object_component_ref idref="oc-341"/>
      </symbol>
      <symbol id="sm-87e">
         <name>__TI_printfi</name>
         <value>0x26d</value>
         <object_component_ref idref="oc-253"/>
      </symbol>
      <symbol id="sm-888">
         <name>__aeabi_idiv0</name>
         <value>0x2a7f</value>
         <object_component_ref idref="oc-2a6"/>
      </symbol>
      <symbol id="sm-889">
         <name>__aeabi_ldiv0</name>
         <value>0x2a7f</value>
         <object_component_ref idref="oc-2a6"/>
      </symbol>
      <symbol id="sm-898">
         <name>__aeabi_memset</name>
         <value>0x51eb</value>
         <object_component_ref idref="oc-df"/>
      </symbol>
      <symbol id="sm-899">
         <name>memset</name>
         <value>0x51f1</value>
         <object_component_ref idref="oc-df"/>
      </symbol>
      <symbol id="sm-89a">
         <name>__aeabi_memset8</name>
         <value>0x51eb</value>
         <object_component_ref idref="oc-df"/>
      </symbol>
      <symbol id="sm-89b">
         <name>__aeabi_memset4</name>
         <value>0x51eb</value>
         <object_component_ref idref="oc-df"/>
      </symbol>
      <symbol id="sm-89c">
         <name>__aeabi_memclr8</name>
         <value>0x51e9</value>
         <object_component_ref idref="oc-df"/>
      </symbol>
      <symbol id="sm-89d">
         <name>__aeabi_memclr4</name>
         <value>0x51e9</value>
         <object_component_ref idref="oc-df"/>
      </symbol>
      <symbol id="sm-89e">
         <name>__aeabi_memclr</name>
         <value>0x51e9</value>
         <object_component_ref idref="oc-df"/>
      </symbol>
      <symbol id="sm-8ab">
         <name>__aeabi_uldivmod</name>
         <value>0x5047</value>
         <object_component_ref idref="oc-37b"/>
      </symbol>
      <symbol id="sm-8d3">
         <name>__TI_auto_init_nobinit_nopinit</name>
         <value>0x5649</value>
         <object_component_ref idref="oc-1d7"/>
      </symbol>
      <symbol id="sm-8dd">
         <name>_system_pre_init</name>
         <value>0x5a25</value>
         <object_component_ref idref="oc-e5"/>
      </symbol>
      <symbol id="sm-8e9">
         <name>C$$EXIT</name>
         <value>0x5a29</value>
         <object_component_ref idref="oc-1cb"/>
      </symbol>
      <symbol id="sm-8ea">
         <name>abort</name>
         <value>0x5a29</value>
         <object_component_ref idref="oc-1cb"/>
      </symbol>
      <symbol id="sm-8fa">
         <name>__TI_ltoa</name>
         <value>0x54c3</value>
         <object_component_ref idref="oc-381"/>
      </symbol>
      <symbol id="sm-90b">
         <name>memccpy</name>
         <value>0x58ed</value>
         <object_component_ref idref="oc-309"/>
      </symbol>
      <symbol id="sm-91b">
         <name>strchr</name>
         <value>0x596b</value>
         <object_component_ref idref="oc-3a8"/>
      </symbol>
      <symbol id="sm-929">
         <name>strlen</name>
         <value>0x59a9</value>
         <object_component_ref idref="oc-2e5"/>
      </symbol>
      <symbol id="sm-93f">
         <name>frexpl</name>
         <value>0x5409</value>
         <object_component_ref idref="oc-3a2"/>
      </symbol>
      <symbol id="sm-940">
         <name>frexp</name>
         <value>0x5409</value>
         <object_component_ref idref="oc-3a2"/>
      </symbol>
      <symbol id="sm-959">
         <name>wcslen</name>
         <value>0x59bd</value>
         <object_component_ref idref="oc-30f"/>
      </symbol>
      <symbol id="sm-95a">
         <name>__TI_static_base__</name>
         <value>0x0</value>
      </symbol>
      <symbol id="sm-95d">
         <name>__mpu_init</name>
         <value>0x0</value>
      </symbol>
      <symbol id="sm-95e">
         <name>_system_post_cinit</name>
         <value>0x0</value>
      </symbol>
   </symbol_table>
   <title>Link successful</title>
</link_info>
