******************************************************************************
                  TI ARM Linker PC v20.2.0                     
******************************************************************************
>> Linked Sun Jul 12 01:28:59 2020

OUTPUT FILE NAME:   <Serial_Calculator.out>
ENTRY POINT SYMBOL: "_c_int00_noargs"  address: 000017b1


MEMORY CONFIGURATION

         name            origin    length      used     unused   attr    fill
----------------------  --------  ---------  --------  --------  ----  --------
  FLASH                 00000000   00040000  00001bd4  0003e42c  R  X
  SRAM                  20000000   00008000  0000055a  00007aa6  RW X


SEGMENT ALLOCATION MAP

run origin  load origin   length   init length attrs members
----------  ----------- ---------- ----------- ----- -------
00000000    00000000    00001bd8   00001bd8    r-x
  00000000    00000000    0000026c   0000026c    r-- .intvecs
  0000026c    0000026c    00001650   00001650    r-x .text
  000018bc    000018bc    00000278   00000278    r-- .const
  00001b38    00001b38    000000a0   000000a0    r-- .cinit
20000000    20000000    0000055e   00000000    rw-
  20000000    20000000    0000026c   00000000    rw- .vtable
  20000270    20000270    00000200   00000000    rw- .stack
  20000470    20000470    00000089   00000000    rw- .data
  200004f9    200004f9    00000065   00000000    rw- .bss


SECTION ALLOCATION MAP

 output                                  attributes/
section   page    origin      length       input sections
--------  ----  ----------  ----------   ----------------
.intvecs   0    00000000    0000026c     
                  00000000    0000026c     tm4c123gh6pm_startup_ccs.obj (.intvecs)

.text      0    0000026c    00001650     
                  0000026c    0000062e     uart.obj (.text)
                  0000089a    00000002     driverlib.lib : interrupt.obj (.text:_IntDefaultHandler)
                  0000089c    000004a8     uartstdio.obj (.text)
                  00000d44    00000364     main.obj (.text)
                  000010a8    0000016c     driverlib.lib : gpio.obj (.text:GPIOPadConfigSet)
                  00001214    000000f4                   : sysctl.obj (.text:SysCtlClockSet)
                  00001308    000000e0     Serial_Cal.obj (.text)
                  000013e8    0000009c     rtsv7M4_T_le_v4SPD16_eabi.lib : memcpy_t2.asm.obj (.text)
                  00001484    00000068     driverlib.lib : interrupt.obj (.text:IntDisable)
                  000014ec    00000068                   : interrupt.obj (.text:IntEnable)
                  00001554    00000068     rtsv7M4_T_le_v4SPD16_eabi.lib : copy_decompress_lzss.c.obj (.text:decompress:lzss:__TI_decompress_lzss)
                  000015bc    0000004c     driverlib.lib : gpio.obj (.text:GPIOPinConfigure)
                  00001608    0000004c     rtsv7M4_T_le_v4SPD16_eabi.lib : atoi.c.obj (.text:atoi)
                  00001654    00000044                                   : autoinit.c.obj (.text:__TI_auto_init_nobinit_nopinit:__TI_auto_init_nobinit_nopinit)
                  00001698    00000040                                   : u_divt2.asm.obj (.text)
                  000016d8    00000038     driverlib.lib : sysctl.obj (.text:SysCtlPeripheralPresent)
                  00001710    00000038     rtsv7M4_T_le_v4SPD16_eabi.lib : fs_tod_t2.asm.obj (.text)
                  00001748    00000034     driverlib.lib : interrupt.obj (.text:IntRegister)
                  0000177c    00000034                   : sysctl.obj (.text:SysCtlPeripheralEnable)
                  000017b0    00000034     rtsv7M4_T_le_v4SPD16_eabi.lib : boot_cortex_m.c.obj (.text:_c_int00_noargs:_c_int00_noargs)
                  000017e4    0000002c     driverlib.lib : gpio.obj (.text:GPIODirModeSet)
                  00001810    0000001c     rtsv7M4_T_le_v4SPD16_eabi.lib : copy_zero_init.c.obj (.text:decompress:ZI:__TI_zero_init_nomemset:__TI_zero_init_nomemset)
                  0000182c    0000001a     driverlib.lib : gpio.obj (.text:GPIOPinTypeGPIOOutput)
                  00001846    00000016                   : gpio.obj (.text:GPIOPinTypeUART)
                  0000185c    00000014                   : interrupt.obj (.text:IntUnregister)
                  00001870    00000010                   : interrupt.obj (.text:IntMasterEnable)
                  00001880    0000000e     rtsv7M4_T_le_v4SPD16_eabi.lib : copy_decompress_none.c.obj (.text:decompress:none:__TI_decompress_none)
                  0000188e    0000000c     driverlib.lib : cpu.obj (.text:CPUcpsie)
                  0000189a    0000000c     tm4c123gh6pm_startup_ccs.obj (.text)
                  000018a6    00000006     driverlib.lib : gpio.obj (.text:GPIOPinWrite)
                  000018ac    00000006                   : sysctl.obj (.text:SysCtlDelay)
                  000018b2    00000004     rtsv7M4_T_le_v4SPD16_eabi.lib : pre_init.c.obj (.text:_system_pre_init)
                  000018b6    00000004                                   : exit.c.obj (.text:abort:abort)
                  000018ba    00000002                                   : div0.asm.obj (.text)

.const     0    000018bc    00000278     
                  000018bc    00000101     rtsv7M4_T_le_v4SPD16_eabi.lib : ctype.c.obj (.const:.string:_ctypes_)
                  000019bd    00000003     --HOLE-- [fill = 0]
                  000019c0    00000090     driverlib.lib : gpio.obj (.const:g_pui32GPIOBaseAddrs)
                  00001a50    00000040     uart.obj (.const:g_ppui32UARTIntMap)
                  00001a90    00000040     uart.obj (.const:g_ppui32UARTIntMapSnowflake)
                  00001ad0    00000014     driverlib.lib : interrupt.obj (.const:g_pui32Dii16Regs)
                  00001ae4    00000014                   : interrupt.obj (.const:g_pui32EnRegs)
                  00001af8    00000012     uartstdio.obj (.const:.string)
                  00001b0a    00000002     --HOLE-- [fill = 0]
                  00001b0c    0000000c     uartstdio.obj (.const:g_ui32UARTBase)
                  00001b18    0000000c     uartstdio.obj (.const:g_ui32UARTPeriph)
                  00001b24    00000007     Serial_Cal.obj (.const:.string:$P$T0$1)
                  00001b2b    00000005     main.obj (.const:.string:$P$T0$1)
                  00001b30    00000004     uartstdio.obj (.const)

.cinit     0    00001b38    000000a0     
                  00001b38    00000066     (.cinit..data.load) [load image, compression = lzss]
                  00001b9e    00000002     --HOLE-- [fill = 0]
                  00001ba0    0000000c     (__TI_handler_table)
                  00001bac    00000004     --HOLE-- [fill = 0]
                  00001bb0    00000008     (.cinit..bss.load) [load image, compression = zero_init]
                  00001bb8    00000008     (.cinit..vtable.load) [load image, compression = zero_init]
                  00001bc0    00000018     (__TI_cinit_table)

.init_array 
*          0    00000000    00000000     UNINITIALIZED

.vtable    0    20000000    0000026c     UNINITIALIZED
                  20000000    0000026c     driverlib.lib : interrupt.obj (.vtable)

.data      0    20000470    00000089     UNINITIALIZED
                  20000470    00000024     main.obj (.data)
                  20000494    00000017     main.obj (.data:msg3)
                  200004ab    00000016     main.obj (.data:msg2)
                  200004c1    00000014     main.obj (.data:msg1)
                  200004d5    00000013     main.obj (.data:msg4)
                  200004e8    0000000b     main.obj (.data:msg5)
                  200004f3    00000001     --HOLE--
                  200004f4    00000005     uartstdio.obj (.data)

.bss       0    200004f9    00000065     UNINITIALIZED
                  200004f9    00000064     (.common:str)
                  2000055d    00000001     (.common:Operation)

.stack     0    20000270    00000200     UNINITIALIZED
                  20000270    00000004     rtsv7M4_T_le_v4SPD16_eabi.lib : boot_cortex_m.c.obj (.stack)
                  20000274    000001fc     --HOLE--

__llvm_prf_cnts 
*          0    20000000    00000000     UNINITIALIZED

MODULE SUMMARY

       Module                         code   ro data   rw data
       ------                         ----   -------   -------
    .\
       uart.obj                       1582   128       0      
       uartstdio.obj                  1192   46        5      
       main.obj                       868    5         232    
       tm4c123gh6pm_startup_ccs.obj   12     620       0      
    +--+------------------------------+------+---------+---------+
       Total:                         3654   799       237    
                                                              
    .\Mylib\
       Serial_Cal.obj                 224    7         0      
    +--+------------------------------+------+---------+---------+
       Total:                         224    7         0      
                                                              
    C:/ti/TivaWare_C_Series-2.2.0.295/driverlib/ccs/Debug/driverlib.lib
       interrupt.obj                  298    40        620    
       gpio.obj                       538    144       0      
       sysctl.obj                     358    0         0      
       cpu.obj                        12     0         0      
    +--+------------------------------+------+---------+---------+
       Total:                         1206   184       620    
                                                              
    C:\ti\ccs1000\ccs\tools\compiler\ti-cgt-arm_20.2.0.LTS\lib\rtsv7M4_T_le_v4SPD16_eabi.lib
       ctype.c.obj                    0      257       0      
       memcpy_t2.asm.obj              156    0         0      
       copy_decompress_lzss.c.obj     104    0         0      
       atoi.c.obj                     76     0         0      
       autoinit.c.obj                 68     0         0      
       u_divt2.asm.obj                64     0         0      
       fs_tod_t2.asm.obj              56     0         0      
       boot_cortex_m.c.obj            52     0         0      
       copy_zero_init.c.obj           28     0         0      
       copy_decompress_none.c.obj     14     0         0      
       exit.c.obj                     4      0         0      
       pre_init.c.obj                 4      0         0      
       div0.asm.obj                   2      0         0      
    +--+------------------------------+------+---------+---------+
       Total:                         628    257       0      
                                                              
       Stack:                         0      0         512    
       Linker Generated:              0      154       0      
    +--+------------------------------+------+---------+---------+
       Grand Total:                   5712   1401      1369   


LINKER GENERATED COPY TABLES

__TI_cinit_table @ 00001bc0 records: 3, size/record: 8, table size: 24
	.data: load addr=00001b38, load size=00000066 bytes, run addr=20000470, run size=00000089 bytes, compression=lzss
	.bss: load addr=00001bb0, load size=00000008 bytes, run addr=200004f9, run size=00000065 bytes, compression=zero_init
	.vtable: load addr=00001bb8, load size=00000008 bytes, run addr=20000000, run size=0000026c bytes, compression=zero_init


LINKER GENERATED HANDLER TABLE

__TI_handler_table @ 00001ba0 records: 3, size/record: 4, table size: 12
	index: 0, handler: __TI_zero_init
	index: 1, handler: __TI_decompress_lzss
	index: 2, handler: __TI_decompress_none


GLOBAL SYMBOLS: SORTED ALPHABETICALLY BY Name 

address   name                          
-------   ----                          
000018b7  C$$EXIT                       
0000188f  CPUcpsie                      
00001323  Check_Number                  
00001363  Check_Oper                    
000017e5  GPIODirModeSet                
000010a9  GPIOPadConfigSet              
000015bd  GPIOPinConfigure              
0000182d  GPIOPinTypeGPIOOutput         
00001847  GPIOPinTypeUART               
000018a7  GPIOPinWrite                  
00000f57  InitConsole                   
00001485  IntDisable                    
000014ed  IntEnable                     
00001871  IntMasterEnable               
00001749  IntRegister                   
0000185d  IntUnregister                 
2000055d  Operation                     
0000189b  ResetISR                      
20000480  Result                        
20000488  Result2                       
00001215  SysCtlClockSet                
000018ad  SysCtlDelay                   
0000177d  SysCtlPeripheralEnable        
000016d9  SysCtlPeripheralPresent       
0000083d  UART9BitAddrSend              
00000817  UART9BitAddrSet               
00000801  UART9BitDisable               
000007eb  UART9BitEnable                
0000068f  UARTBreakCtl                  
000006b9  UARTBusy                      
00000637  UARTCharGet                   
0000061b  UARTCharGetNonBlocking        
00000671  UARTCharPut                   
0000064d  UARTCharPutNonBlocking        
000005df  UARTCharsAvail                
000007db  UARTClockSourceGet            
000007c7  UARTClockSourceSet            
000003af  UARTConfigGetExpClk           
00000339  UARTConfigSetExpClk           
0000078d  UARTDMADisable                
00000775  UARTDMAEnable                 
0000041f  UARTDisable                   
000004a3  UARTDisableSIR                
000003fb  UARTEnable                    
00000475  UARTEnableSIR                 
0000045f  UARTFIFODisable               
00000449  UARTFIFOEnable                
00000311  UARTFIFOLevelGet              
000002f9  UARTFIFOLevelSet              
0000059f  UARTFlowControlGet            
00000583  UARTFlowControlSet            
00000763  UARTIntClear                  
0000072d  UARTIntDisable                
00000715  UARTIntEnable                 
00000fa5  UARTIntHandler                
000006d7  UARTIntRegister               
00000745  UARTIntStatus                 
000006f5  UARTIntUnregister             
00000885  UARTLoopbackEnable            
00000539  UARTModemControlClear         
0000055d  UARTModemControlGet           
00000501  UARTModemControlSet           
0000056f  UARTModemStatusGet            
000002e7  UARTParityModeGet             
000002cb  UARTParityModeSet             
000007b7  UARTRxErrorClear              
000007a5  UARTRxErrorGet                
000004eb  UARTSmartCardDisable          
000004b9  UARTSmartCardEnable           
000005fd  UARTSpaceAvail                
0000089d  UARTStdioConfig               
000005cd  UARTTxIntModeGet              
000005b1  UARTTxIntModeSet              
000009ed  UARTgetc                      
00000933  UARTgets                      
00000d0f  UARTprintf                    
00000a15  UARTvprintf                   
000008e3  UARTwrite                     
20000470  __STACK_END                   
00000200  __STACK_SIZE                  
20000470  __STACK_TOP                   
00001bc0  __TI_CINIT_Base               
00001bd8  __TI_CINIT_Limit              
00001ba0  __TI_Handler_Table_Base       
00001bac  __TI_Handler_Table_Limit      
00001655  __TI_auto_init_nobinit_nopinit
00001555  __TI_decompress_lzss          
00001881  __TI_decompress_none          
ffffffff  __TI_pprof_out_hndl           
ffffffff  __TI_prof_data_size           
ffffffff  __TI_prof_data_start          
00000000  __TI_static_base__            
00001811  __TI_zero_init_nomemset       
00001711  __aeabi_f2d                   
000018bb  __aeabi_idiv0                 
000018bb  __aeabi_ldiv0                 
000013e9  __aeabi_memcpy                
000013e9  __aeabi_memcpy4               
000013e9  __aeabi_memcpy8               
00001699  __aeabi_uidiv                 
00001699  __aeabi_uidivmod              
ffffffff  __binit__                     
ffffffff  __c_args__                    
UNDEFED   __mpu_init                    
20000270  __stack                       
20000000  __start___llvm_prf_cnts       
20000000  __stop___llvm_prf_cnts        
000017b1  _c_int00_noargs               
000018bc  _ctypes_                      
UNDEFED   _system_post_cinit            
000018b3  _system_pre_init              
000018b7  abort                         
00001609  atoi                          
00001309  baoloi                        
ffffffff  binit                         
20000470  check_uart                    
20000000  g_pfnRAMVectors               
00000000  g_pfnVectors                  
00000d45  main                          
000013e9  memcpy                        
200004c1  msg1                          
200004ab  msg2                          
20000494  msg3                          
200004d5  msg4                          
200004e8  msg5                          
20000474  num1                          
20000478  num2                          
2000048c  num3                          
200004f9  str                           


GLOBAL SYMBOLS: SORTED BY Symbol Address 

address   name                          
-------   ----                          
00000000  __TI_static_base__            
00000000  g_pfnVectors                  
00000200  __STACK_SIZE                  
000002cb  UARTParityModeSet             
000002e7  UARTParityModeGet             
000002f9  UARTFIFOLevelSet              
00000311  UARTFIFOLevelGet              
00000339  UARTConfigSetExpClk           
000003af  UARTConfigGetExpClk           
000003fb  UARTEnable                    
0000041f  UARTDisable                   
00000449  UARTFIFOEnable                
0000045f  UARTFIFODisable               
00000475  UARTEnableSIR                 
000004a3  UARTDisableSIR                
000004b9  UARTSmartCardEnable           
000004eb  UARTSmartCardDisable          
00000501  UARTModemControlSet           
00000539  UARTModemControlClear         
0000055d  UARTModemControlGet           
0000056f  UARTModemStatusGet            
00000583  UARTFlowControlSet            
0000059f  UARTFlowControlGet            
000005b1  UARTTxIntModeSet              
000005cd  UARTTxIntModeGet              
000005df  UARTCharsAvail                
000005fd  UARTSpaceAvail                
0000061b  UARTCharGetNonBlocking        
00000637  UARTCharGet                   
0000064d  UARTCharPutNonBlocking        
00000671  UARTCharPut                   
0000068f  UARTBreakCtl                  
000006b9  UARTBusy                      
000006d7  UARTIntRegister               
000006f5  UARTIntUnregister             
00000715  UARTIntEnable                 
0000072d  UARTIntDisable                
00000745  UARTIntStatus                 
00000763  UARTIntClear                  
00000775  UARTDMAEnable                 
0000078d  UARTDMADisable                
000007a5  UARTRxErrorGet                
000007b7  UARTRxErrorClear              
000007c7  UARTClockSourceSet            
000007db  UARTClockSourceGet            
000007eb  UART9BitEnable                
00000801  UART9BitDisable               
00000817  UART9BitAddrSet               
0000083d  UART9BitAddrSend              
00000885  UARTLoopbackEnable            
0000089d  UARTStdioConfig               
000008e3  UARTwrite                     
00000933  UARTgets                      
000009ed  UARTgetc                      
00000a15  UARTvprintf                   
00000d0f  UARTprintf                    
00000d45  main                          
00000f57  InitConsole                   
00000fa5  UARTIntHandler                
000010a9  GPIOPadConfigSet              
00001215  SysCtlClockSet                
00001309  baoloi                        
00001323  Check_Number                  
00001363  Check_Oper                    
000013e9  __aeabi_memcpy                
000013e9  __aeabi_memcpy4               
000013e9  __aeabi_memcpy8               
000013e9  memcpy                        
00001485  IntDisable                    
000014ed  IntEnable                     
00001555  __TI_decompress_lzss          
000015bd  GPIOPinConfigure              
00001609  atoi                          
00001655  __TI_auto_init_nobinit_nopinit
00001699  __aeabi_uidiv                 
00001699  __aeabi_uidivmod              
000016d9  SysCtlPeripheralPresent       
00001711  __aeabi_f2d                   
00001749  IntRegister                   
0000177d  SysCtlPeripheralEnable        
000017b1  _c_int00_noargs               
000017e5  GPIODirModeSet                
00001811  __TI_zero_init_nomemset       
0000182d  GPIOPinTypeGPIOOutput         
00001847  GPIOPinTypeUART               
0000185d  IntUnregister                 
00001871  IntMasterEnable               
00001881  __TI_decompress_none          
0000188f  CPUcpsie                      
0000189b  ResetISR                      
000018a7  GPIOPinWrite                  
000018ad  SysCtlDelay                   
000018b3  _system_pre_init              
000018b7  C$$EXIT                       
000018b7  abort                         
000018bb  __aeabi_idiv0                 
000018bb  __aeabi_ldiv0                 
000018bc  _ctypes_                      
00001ba0  __TI_Handler_Table_Base       
00001bac  __TI_Handler_Table_Limit      
00001bc0  __TI_CINIT_Base               
00001bd8  __TI_CINIT_Limit              
20000000  __start___llvm_prf_cnts       
20000000  __stop___llvm_prf_cnts        
20000000  g_pfnRAMVectors               
20000270  __stack                       
20000470  __STACK_END                   
20000470  __STACK_TOP                   
20000470  check_uart                    
20000474  num1                          
20000478  num2                          
20000480  Result                        
20000488  Result2                       
2000048c  num3                          
20000494  msg3                          
200004ab  msg2                          
200004c1  msg1                          
200004d5  msg4                          
200004e8  msg5                          
200004f9  str                           
2000055d  Operation                     
ffffffff  __TI_pprof_out_hndl           
ffffffff  __TI_prof_data_size           
ffffffff  __TI_prof_data_start          
ffffffff  __binit__                     
ffffffff  __c_args__                    
ffffffff  binit                         
UNDEFED   __mpu_init                    
UNDEFED   _system_post_cinit            

[129 symbols]
