******************************************************************************
                  TI ARM Linker PC v20.2.0                     
******************************************************************************
>> Linked Sun Jul 12 17:12:32 2020

OUTPUT FILE NAME:   <Serial_Calculator.out>
ENTRY POINT SYMBOL: "_c_int00_noargs"  address: 00005825


MEMORY CONFIGURATION

         name            origin    length      used     unused   attr    fill
----------------------  --------  ---------  --------  --------  ----  --------
  FLASH                 00000000   00040000  00005e77  0003a189  R  X
  SRAM                  20000000   00008000  000006f1  0000790f  RW X


SEGMENT ALLOCATION MAP

run origin  load origin   length   init length attrs members
----------  ----------- ---------- ----------- ----- -------
00000000    00000000    00005e80   00005e80    r-x
  00000000    00000000    0000026c   0000026c    r-- .intvecs
  0000026c    0000026c    000057c0   000057c0    r-x .text
  00005a30    00005a30    0000040b   0000040b    r-- .const
  00005e40    00005e40    00000040   00000040    r-- .cinit
20000000    20000000    000006f8   00000000    rw-
  20000000    20000000    0000026c   00000000    rw- .vtable
  20000270    20000270    00000400   00000000    rw- .stack
  20000670    20000670    00000069   00000000    rw- .bss
  200006dc    200006dc    0000001c   00000000    rw- .data


SECTION ALLOCATION MAP

 output                                  attributes/
section   page    origin      length       input sections
--------  ----  ----------  ----------   ----------------
.intvecs   0    00000000    0000026c     
                  00000000    0000026c     tm4c123gh6pm_startup_ccs.obj (.intvecs)

.text      0    0000026c    000057c0     
                  0000026c    00000a4e     rtsv7M4_T_le_v4SPD16_eabi.lib : _printfi.c.obj (.text:__TI_printfi)
                  00000cba    00000002     driverlib.lib : interrupt.obj (.text:_IntDefaultHandler)
                  00000cbc    000009c0     rtsv7M4_T_le_v4SPD16_eabi.lib : e_pow.c.obj (.text:pow)
                  0000167c    00000738                                   : k_rem_pio2.c.obj (.text:__kernel_rem_pio2)
                  00001db4    0000069c     Serial_Cal.obj (.text)
                  00002450    0000062e     uart.obj (.text)
                  00002a7e    00000002     rtsv7M4_T_le_v4SPD16_eabi.lib : div0.asm.obj (.text)
                  00002a80    000005dc                                   : s_cos.c.obj (.text:cos)
                  0000305c    000005c4                                   : s_sin.c.obj (.text:sin)
                  00003620    000004a8     uartstdio.obj (.text)
                  00003ac8    00000270     rtsv7M4_T_le_v4SPD16_eabi.lib : _printfi.c.obj (.text:_pconv_a)
                  00003d38    000001d0                                   : _printfi.c.obj (.text:_pconv_g)
                  00003f08    000001b6                                   : fd_add_t2.asm.obj (.text)
                  000040be    00000002     --HOLE-- [fill = 0]
                  000040c0    00000174                                   : k_sin.c.obj (.text:__kernel_sin)
                  00004234    0000016c     driverlib.lib : gpio.obj (.text:GPIOPadConfigSet)
                  000043a0    0000016c     rtsv7M4_T_le_v4SPD16_eabi.lib : k_cos.c.obj (.text:__kernel_cos)
                  0000450c    00000158                                   : e_sqrt.c.obj (.text:sqrt)
                  00004664    0000013c                                   : _printfi.c.obj (.text:_pconv_e)
                  000047a0    00000136                                   : fd_div_t2.asm.obj (.text)
                  000048d6    00000002     --HOLE-- [fill = 0]
                  000048d8    00000124                                   : _printfi.c.obj (.text:fcvt)
                  000049fc    00000110                                   : s_scalbn.c.obj (.text:scalbn)
                  00004b0c    00000104     main.obj (.text)
                  00004c10    000000fc     rtsv7M4_T_le_v4SPD16_eabi.lib : fd_mul_t2.asm.obj (.text)
                  00004d0c    000000f8                                   : s_floor.c.obj (.text:floor)
                  00004e04    000000f4     driverlib.lib : sysctl.obj (.text:SysCtlClockSet)
                  00004ef8    000000b1     rtsv7M4_T_le_v4SPD16_eabi.lib : _printfi.c.obj (.text:_ltostr)
                  00004fa9    00000001     --HOLE-- [fill = 0]
                  00004faa    0000009c                                   : memcpy_t2.asm.obj (.text)
                  00005046    00000096                                   : ull_div_t2.asm.obj (.text)
                  000050dc    00000086                                   : fd_cmp_t2.asm.obj (.text:__aeabi_cdcmple)
                  00005162    00000086                                   : fd_cmp_t2.asm.obj (.text:__aeabi_cdrcmple)
                  000051e8    0000007a                                   : memset_t2.asm.obj (.text)
                  00005262    0000006e                                   : _printfi.c.obj (.text:_mcpy)
                  000052d0    00000068     driverlib.lib : interrupt.obj (.text:IntDisable)
                  00005338    00000068                   : interrupt.obj (.text:IntEnable)
                  000053a0    00000068     rtsv7M4_T_le_v4SPD16_eabi.lib : copy_decompress_lzss.c.obj (.text:decompress:lzss:__TI_decompress_lzss)
                  00005408    00000064                                   : s_frexp.c.obj (.text:frexp)
                  0000546c    00000056                                   : _printfi.c.obj (.text:_pconv_f)
                  000054c2    00000054                                   : _ltoa.c.obj (.text:__TI_ltoa)
                  00005516    00000052                                   : _printfi.c.obj (.text:_ecpy)
                  00005568    0000004c     driverlib.lib : gpio.obj (.text:GPIOPinConfigure)
                  000055b4    0000004c     rtsv7M4_T_le_v4SPD16_eabi.lib : atoi.c.obj (.text:atoi)
                  00005600    00000048                                   : fd_toi_t2.asm.obj (.text)
                  00005648    00000044                                   : autoinit.c.obj (.text:__TI_auto_init_nobinit_nopinit:__TI_auto_init_nobinit_nopinit)
                  0000568c    00000040                                   : u_divt2.asm.obj (.text)
                  000056cc    00000040                                   : sprintf.c.obj (.text:sprintf)
                  0000570c    0000003e                                   : _printfi.c.obj (.text:_fcpy)
                  0000574a    00000002     --HOLE-- [fill = 0]
                  0000574c    00000038     driverlib.lib : sysctl.obj (.text:SysCtlPeripheralPresent)
                  00005784    00000038     rtsv7M4_T_le_v4SPD16_eabi.lib : fs_tod_t2.asm.obj (.text)
                  000057bc    00000034     driverlib.lib : interrupt.obj (.text:IntRegister)
                  000057f0    00000034                   : sysctl.obj (.text:SysCtlPeripheralEnable)
                  00005824    00000034     rtsv7M4_T_le_v4SPD16_eabi.lib : boot_cortex_m.c.obj (.text:_c_int00_noargs:_c_int00_noargs)
                  00005858    0000002e                                   : i_tofd_t2.asm.obj (.text)
                  00005886    0000002c     driverlib.lib : gpio.obj (.text:GPIODirModeSet)
                  000058b2    0000001e     rtsv7M4_T_le_v4SPD16_eabi.lib : strcat.c.obj (.text:strcat)
                  000058d0    0000001c                                   : copy_zero_init.c.obj (.text:decompress:ZI:__TI_zero_init_nomemset:__TI_zero_init_nomemset)
                  000058ec    0000001c                                   : memccpy.c.obj (.text:memccpy)
                  00005908    0000001a     driverlib.lib : gpio.obj (.text:GPIOPinTypeGPIOOutput)
                  00005922    0000001a     rtsv7M4_T_le_v4SPD16_eabi.lib : s_copysign.c.obj (.text:copysign)
                  0000593c    00000018                                   : sprintf.c.obj (.text:_outs)
                  00005954    00000016     driverlib.lib : gpio.obj (.text:GPIOPinTypeUART)
                  0000596a    00000016     rtsv7M4_T_le_v4SPD16_eabi.lib : strchr.c.obj (.text:strchr)
                  00005980    00000014     driverlib.lib : interrupt.obj (.text:IntUnregister)
                  00005994    00000014     rtsv7M4_T_le_v4SPD16_eabi.lib : strcpy.c.obj (.text:strcpy)
                  000059a8    00000014                                   : strlen.c.obj (.text:strlen)
                  000059bc    00000012                                   : wcslen.c.obj (.text:wcslen)
                  000059ce    00000010     driverlib.lib : interrupt.obj (.text:IntMasterEnable)
                  000059de    0000000e     rtsv7M4_T_le_v4SPD16_eabi.lib : copy_decompress_none.c.obj (.text:decompress:none:__TI_decompress_none)
                  000059ec    0000000c     driverlib.lib : cpu.obj (.text:CPUcpsie)
                  000059f8    0000000c     tm4c123gh6pm_startup_ccs.obj (.text)
                  00005a04    0000000a     rtsv7M4_T_le_v4SPD16_eabi.lib : sprintf.c.obj (.text:_outc)
                  00005a0e    00000002     --HOLE-- [fill = 0]
                  00005a10    00000008                                   : errno.c.obj (.text:__aeabi_errno_addr)
                  00005a18    00000006     driverlib.lib : gpio.obj (.text:GPIOPinWrite)
                  00005a1e    00000006                   : sysctl.obj (.text:SysCtlDelay)
                  00005a24    00000004     rtsv7M4_T_le_v4SPD16_eabi.lib : pre_init.c.obj (.text:_system_pre_init)
                  00005a28    00000004                                   : exit.c.obj (.text:abort:abort)

.const     0    00005a30    0000040b     
                  00005a30    00000158     rtsv7M4_T_le_v4SPD16_eabi.lib : k_rem_pio2.c.obj (.const:$O1$$)
                  00005b88    00000101                                   : ctype.c.obj (.const:.string:_ctypes_)
                  00005c89    00000003     --HOLE-- [fill = 0]
                  00005c8c    00000090     driverlib.lib : gpio.obj (.const:g_pui32GPIOBaseAddrs)
                  00005d1c    00000040     uart.obj (.const:g_ppui32UARTIntMap)
                  00005d5c    00000040     uart.obj (.const:g_ppui32UARTIntMapSnowflake)
                  00005d9c    00000004     uartstdio.obj (.const)
                  00005da0    00000030     rtsv7M4_T_le_v4SPD16_eabi.lib : e_pow.c.obj (.const:$O1$$)
                  00005dd0    00000014     driverlib.lib : interrupt.obj (.const:g_pui32Dii16Regs)
                  00005de4    00000014                   : interrupt.obj (.const:g_pui32EnRegs)
                  00005df8    00000012     uartstdio.obj (.const:.string)
                  00005e0a    0000000d     Serial_Cal.obj (.const:.string:$P$T0$1)
                  00005e17    00000001     --HOLE-- [fill = 0]
                  00005e18    0000000c     uartstdio.obj (.const:g_ui32UARTBase)
                  00005e24    0000000c     uartstdio.obj (.const:g_ui32UARTPeriph)
                  00005e30    0000000b     Serial_Cal.obj (.const:.string:$P$T1$2)

.cinit     0    00005e40    00000040     
                  00005e40    0000000c     (.cinit..data.load) [load image, compression = lzss]
                  00005e4c    0000000c     (__TI_handler_table)
                  00005e58    00000008     (.cinit..bss.load) [load image, compression = zero_init]
                  00005e60    00000008     (.cinit..vtable.load) [load image, compression = zero_init]
                  00005e68    00000018     (__TI_cinit_table)

.init_array 
*          0    00000000    00000000     UNINITIALIZED

.vtable    0    20000000    0000026c     UNINITIALIZED
                  20000000    0000026c     driverlib.lib : interrupt.obj (.vtable)

.bss       0    20000670    00000069     UNINITIALIZED
                  20000670    00000034     (.common:Result)
                  200006a4    00000034     (.common:str)
                  200006d8    00000001     (.common:Operation)

.data      0    200006dc    0000001c     UNINITIALIZED
                  200006dc    00000010     main.obj (.data)
                  200006ec    00000005     uartstdio.obj (.data)
                  200006f1    00000003     --HOLE--
                  200006f4    00000004     rtsv7M4_T_le_v4SPD16_eabi.lib : errno.c.obj (.data)

.stack     0    20000270    00000400     UNINITIALIZED
                  20000270    00000004     rtsv7M4_T_le_v4SPD16_eabi.lib : boot_cortex_m.c.obj (.stack)
                  20000274    000003fc     --HOLE--

__llvm_prf_cnts 
*          0    20000000    00000000     UNINITIALIZED

MODULE SUMMARY

       Module                         code    ro data   rw data
       ------                         ----    -------   -------
    .\
       uart.obj                       1582    128       0      
       uartstdio.obj                  1192    46        5      
       tm4c123gh6pm_startup_ccs.obj   12      620       0      
       main.obj                       260     0         121    
    +--+------------------------------+-------+---------+---------+
       Total:                         3046    794       126    
                                                               
    .\Mylib\
       Serial_Cal.obj                 1692    24        0      
    +--+------------------------------+-------+---------+---------+
       Total:                         1692    24        0      
                                                               
    C:/ti/TivaWare_C_Series-2.2.0.295/driverlib/ccs/Debug/driverlib.lib
       interrupt.obj                  298     40        620    
       gpio.obj                       538     144       0      
       sysctl.obj                     358     0         0      
       cpu.obj                        12      0         0      
    +--+------------------------------+-------+---------+---------+
       Total:                         1206    184       620    
                                                               
    C:\ti\ccs1000\ccs\tools\compiler\ti-cgt-arm_20.2.0.LTS\lib\rtsv7M4_T_le_v4SPD16_eabi.lib
       _printfi.c.obj                 4851    0         0      
       e_pow.c.obj                    2496    48        0      
       k_rem_pio2.c.obj               1848    344       0      
       s_cos.c.obj                    1500    0         0      
       s_sin.c.obj                    1476    0         0      
       fd_add_t2.asm.obj              438     0         0      
       k_sin.c.obj                    372     0         0      
       k_cos.c.obj                    364     0         0      
       e_sqrt.c.obj                   344     0         0      
       fd_div_t2.asm.obj              310     0         0      
       s_scalbn.c.obj                 272     0         0      
       fd_cmp_t2.asm.obj              268     0         0      
       ctype.c.obj                    0       257       0      
       fd_mul_t2.asm.obj              252     0         0      
       s_floor.c.obj                  248     0         0      
       memcpy_t2.asm.obj              156     0         0      
       ull_div_t2.asm.obj             150     0         0      
       memset_t2.asm.obj              122     0         0      
       copy_decompress_lzss.c.obj     104     0         0      
       s_frexp.c.obj                  100     0         0      
       sprintf.c.obj                  98      0         0      
       _ltoa.c.obj                    84      0         0      
       atoi.c.obj                     76      0         0      
       fd_toi_t2.asm.obj              72      0         0      
       autoinit.c.obj                 68      0         0      
       u_divt2.asm.obj                64      0         0      
       fs_tod_t2.asm.obj              56      0         0      
       boot_cortex_m.c.obj            52      0         0      
       i_tofd_t2.asm.obj              46      0         0      
       strcat.c.obj                   30      0         0      
       copy_zero_init.c.obj           28      0         0      
       memccpy.c.obj                  28      0         0      
       s_copysign.c.obj               26      0         0      
       strchr.c.obj                   22      0         0      
       strcpy.c.obj                   20      0         0      
       strlen.c.obj                   20      0         0      
       wcslen.c.obj                   18      0         0      
       copy_decompress_none.c.obj     14      0         0      
       errno.c.obj                    8       0         4      
       exit.c.obj                     4       0         0      
       pre_init.c.obj                 4       0         0      
       div0.asm.obj                   2       0         0      
    +--+------------------------------+-------+---------+---------+
       Total:                         16511   649       4      
                                                               
       Stack:                         0       0         1024   
       Linker Generated:              0       64        0      
    +--+------------------------------+-------+---------+---------+
       Grand Total:                   22455   1715      1774   


LINKER GENERATED COPY TABLES

__TI_cinit_table @ 00005e68 records: 3, size/record: 8, table size: 24
	.data: load addr=00005e40, load size=0000000c bytes, run addr=200006dc, run size=0000001c bytes, compression=lzss
	.bss: load addr=00005e58, load size=00000008 bytes, run addr=20000670, run size=00000069 bytes, compression=zero_init
	.vtable: load addr=00005e60, load size=00000008 bytes, run addr=20000000, run size=0000026c bytes, compression=zero_init


LINKER GENERATED HANDLER TABLE

__TI_handler_table @ 00005e4c records: 3, size/record: 4, table size: 12
	index: 0, handler: __TI_zero_init
	index: 1, handler: __TI_decompress_lzss
	index: 2, handler: __TI_decompress_none


GLOBAL SYMBOLS: SORTED ALPHABETICALLY BY Name 

address   name                          
-------   ----                          
00005a29  C$$EXIT                       
000059ed  CPUcpsie                      
00001dcf  Check_Number                  
00001e0f  Check_Oper                    
00001db5  Error_Notice                  
00001e7b  Factorial                     
00005887  GPIODirModeSet                
00004235  GPIOPadConfigSet              
00005569  GPIOPinConfigure              
00005909  GPIOPinTypeGPIOOutput         
00005955  GPIOPinTypeUART               
00005a19  GPIOPinWrite                  
00004b3f  InitConsole                   
000052d1  IntDisable                    
00005339  IntEnable                     
000059cf  IntMasterEnable               
000057bd  IntRegister                   
00005981  IntUnregister                 
00001efb  Integer_Fac                   
200006d8  Operation                     
00001ea5  Prime                         
000059f9  ResetISR                      
20000670  Result                        
00001fad  Serial_Cal                    
00004e05  SysCtlClockSet                
00005a1f  SysCtlDelay                   
000057f1  SysCtlPeripheralEnable        
0000574d  SysCtlPeripheralPresent       
00002a21  UART9BitAddrSend              
000029fb  UART9BitAddrSet               
000029e5  UART9BitDisable               
000029cf  UART9BitEnable                
00002873  UARTBreakCtl                  
0000289d  UARTBusy                      
0000281b  UARTCharGet                   
000027ff  UARTCharGetNonBlocking        
00002855  UARTCharPut                   
00002831  UARTCharPutNonBlocking        
000027c3  UARTCharsAvail                
000029bf  UARTClockSourceGet            
000029ab  UARTClockSourceSet            
00002593  UARTConfigGetExpClk           
0000251d  UARTConfigSetExpClk           
00002971  UARTDMADisable                
00002959  UARTDMAEnable                 
00002603  UARTDisable                   
00002687  UARTDisableSIR                
000025df  UARTEnable                    
00002659  UARTEnableSIR                 
00002643  UARTFIFODisable               
0000262d  UARTFIFOEnable                
000024f5  UARTFIFOLevelGet              
000024dd  UARTFIFOLevelSet              
00002783  UARTFlowControlGet            
00002767  UARTFlowControlSet            
00002947  UARTIntClear                  
00002911  UARTIntDisable                
000028f9  UARTIntEnable                 
00004b7b  UARTIntHandler                
000028bb  UARTIntRegister               
00002929  UARTIntStatus                 
000028d9  UARTIntUnregister             
00002a69  UARTLoopbackEnable            
0000271d  UARTModemControlClear         
00002741  UARTModemControlGet           
000026e5  UARTModemControlSet           
00002753  UARTModemStatusGet            
000024cb  UARTParityModeGet             
000024af  UARTParityModeSet             
0000299b  UARTRxErrorClear              
00002989  UARTRxErrorGet                
000026cf  UARTSmartCardDisable          
0000269d  UARTSmartCardEnable           
000027e1  UARTSpaceAvail                
00003621  UARTStdioConfig               
000027b1  UARTTxIntModeGet              
00002795  UARTTxIntModeSet              
00003771  UARTgetc                      
000036b7  UARTgets                      
00003a93  UARTprintf                    
00003799  UARTvprintf                   
00003667  UARTwrite                     
20000670  __STACK_END                   
00000400  __STACK_SIZE                  
20000470  __STACK_TOP                   
00005e68  __TI_CINIT_Base               
00005e80  __TI_CINIT_Limit              
00005e4c  __TI_Handler_Table_Base       
00005e58  __TI_Handler_Table_Limit      
00005649  __TI_auto_init_nobinit_nopinit
000053a1  __TI_decompress_lzss          
000059df  __TI_decompress_none          
000054c3  __TI_ltoa                     
ffffffff  __TI_pprof_out_hndl           
0000026d  __TI_printfi                  
ffffffff  __TI_prof_data_size           
ffffffff  __TI_prof_data_start          
00000000  __TI_static_base__            
000058d1  __TI_zero_init_nomemset       
000050dd  __aeabi_cdcmpeq               
000050dd  __aeabi_cdcmple               
00005163  __aeabi_cdrcmple              
00005601  __aeabi_d2iz                  
00003f13  __aeabi_dadd                  
000047a1  __aeabi_ddiv                  
00004c11  __aeabi_dmul                  
00003f09  __aeabi_dsub                  
00005a11  __aeabi_errno_addr            
00005785  __aeabi_f2d                   
00005859  __aeabi_i2d                   
00002a7f  __aeabi_idiv0                 
00002a7f  __aeabi_ldiv0                 
000051e9  __aeabi_memclr                
000051e9  __aeabi_memclr4               
000051e9  __aeabi_memclr8               
00004fab  __aeabi_memcpy                
00004fab  __aeabi_memcpy4               
00004fab  __aeabi_memcpy8               
000051eb  __aeabi_memset                
000051eb  __aeabi_memset4               
000051eb  __aeabi_memset8               
0000568d  __aeabi_uidiv                 
0000568d  __aeabi_uidivmod              
00005047  __aeabi_uldivmod              
ffffffff  __binit__                     
ffffffff  __c_args__                    
000043a1  __kernel_cos                  
0000167d  __kernel_rem_pio2             
000040c1  __kernel_sin                  
UNDEFED   __mpu_init                    
20000270  __stack                       
20000000  __start___llvm_prf_cnts       
20000000  __stop___llvm_prf_cnts        
00005825  _c_int00_noargs               
00005b88  _ctypes_                      
UNDEFED   _system_post_cinit            
00005a25  _system_pre_init              
00005a29  abort                         
000055b5  atoi                          
ffffffff  binit                         
200006dc  check_uart                    
00005923  copysign                      
00005923  copysignl                     
00002a81  cos                           
00002a81  cosl                          
200006f4  errno                         
00004d0d  floor                         
00004d0d  floorl                        
00005409  frexp                         
00005409  frexpl                        
20000000  g_pfnRAMVectors               
00000000  g_pfnVectors                  
000049fd  ldexp                         
000049fd  ldexpl                        
00004b0d  main                          
000058ed  memccpy                       
00004fab  memcpy                        
000051f1  memset                        
200006e0  num1                          
200006e4  num2                          
00000cbd  pow                           
00000cbd  powl                          
000049fd  scalbn                        
000049fd  scalbnl                       
0000305d  sin                           
0000305d  sinl                          
000056cd  sprintf                       
0000450d  sqrt                          
0000450d  sqrtl                         
200006a4  str                           
000058b3  strcat                        
0000596b  strchr                        
00005995  strcpy                        
000059a9  strlen                        
000059bd  wcslen                        


GLOBAL SYMBOLS: SORTED BY Symbol Address 

address   name                          
-------   ----                          
00000000  __TI_static_base__            
00000000  g_pfnVectors                  
0000026d  __TI_printfi                  
00000400  __STACK_SIZE                  
00000cbd  pow                           
00000cbd  powl                          
0000167d  __kernel_rem_pio2             
00001db5  Error_Notice                  
00001dcf  Check_Number                  
00001e0f  Check_Oper                    
00001e7b  Factorial                     
00001ea5  Prime                         
00001efb  Integer_Fac                   
00001fad  Serial_Cal                    
000024af  UARTParityModeSet             
000024cb  UARTParityModeGet             
000024dd  UARTFIFOLevelSet              
000024f5  UARTFIFOLevelGet              
0000251d  UARTConfigSetExpClk           
00002593  UARTConfigGetExpClk           
000025df  UARTEnable                    
00002603  UARTDisable                   
0000262d  UARTFIFOEnable                
00002643  UARTFIFODisable               
00002659  UARTEnableSIR                 
00002687  UARTDisableSIR                
0000269d  UARTSmartCardEnable           
000026cf  UARTSmartCardDisable          
000026e5  UARTModemControlSet           
0000271d  UARTModemControlClear         
00002741  UARTModemControlGet           
00002753  UARTModemStatusGet            
00002767  UARTFlowControlSet            
00002783  UARTFlowControlGet            
00002795  UARTTxIntModeSet              
000027b1  UARTTxIntModeGet              
000027c3  UARTCharsAvail                
000027e1  UARTSpaceAvail                
000027ff  UARTCharGetNonBlocking        
0000281b  UARTCharGet                   
00002831  UARTCharPutNonBlocking        
00002855  UARTCharPut                   
00002873  UARTBreakCtl                  
0000289d  UARTBusy                      
000028bb  UARTIntRegister               
000028d9  UARTIntUnregister             
000028f9  UARTIntEnable                 
00002911  UARTIntDisable                
00002929  UARTIntStatus                 
00002947  UARTIntClear                  
00002959  UARTDMAEnable                 
00002971  UARTDMADisable                
00002989  UARTRxErrorGet                
0000299b  UARTRxErrorClear              
000029ab  UARTClockSourceSet            
000029bf  UARTClockSourceGet            
000029cf  UART9BitEnable                
000029e5  UART9BitDisable               
000029fb  UART9BitAddrSet               
00002a21  UART9BitAddrSend              
00002a69  UARTLoopbackEnable            
00002a7f  __aeabi_idiv0                 
00002a7f  __aeabi_ldiv0                 
00002a81  cos                           
00002a81  cosl                          
0000305d  sin                           
0000305d  sinl                          
00003621  UARTStdioConfig               
00003667  UARTwrite                     
000036b7  UARTgets                      
00003771  UARTgetc                      
00003799  UARTvprintf                   
00003a93  UARTprintf                    
00003f09  __aeabi_dsub                  
00003f13  __aeabi_dadd                  
000040c1  __kernel_sin                  
00004235  GPIOPadConfigSet              
000043a1  __kernel_cos                  
0000450d  sqrt                          
0000450d  sqrtl                         
000047a1  __aeabi_ddiv                  
000049fd  ldexp                         
000049fd  ldexpl                        
000049fd  scalbn                        
000049fd  scalbnl                       
00004b0d  main                          
00004b3f  InitConsole                   
00004b7b  UARTIntHandler                
00004c11  __aeabi_dmul                  
00004d0d  floor                         
00004d0d  floorl                        
00004e05  SysCtlClockSet                
00004fab  __aeabi_memcpy                
00004fab  __aeabi_memcpy4               
00004fab  __aeabi_memcpy8               
00004fab  memcpy                        
00005047  __aeabi_uldivmod              
000050dd  __aeabi_cdcmpeq               
000050dd  __aeabi_cdcmple               
00005163  __aeabi_cdrcmple              
000051e9  __aeabi_memclr                
000051e9  __aeabi_memclr4               
000051e9  __aeabi_memclr8               
000051eb  __aeabi_memset                
000051eb  __aeabi_memset4               
000051eb  __aeabi_memset8               
000051f1  memset                        
000052d1  IntDisable                    
00005339  IntEnable                     
000053a1  __TI_decompress_lzss          
00005409  frexp                         
00005409  frexpl                        
000054c3  __TI_ltoa                     
00005569  GPIOPinConfigure              
000055b5  atoi                          
00005601  __aeabi_d2iz                  
00005649  __TI_auto_init_nobinit_nopinit
0000568d  __aeabi_uidiv                 
0000568d  __aeabi_uidivmod              
000056cd  sprintf                       
0000574d  SysCtlPeripheralPresent       
00005785  __aeabi_f2d                   
000057bd  IntRegister                   
000057f1  SysCtlPeripheralEnable        
00005825  _c_int00_noargs               
00005859  __aeabi_i2d                   
00005887  GPIODirModeSet                
000058b3  strcat                        
000058d1  __TI_zero_init_nomemset       
000058ed  memccpy                       
00005909  GPIOPinTypeGPIOOutput         
00005923  copysign                      
00005923  copysignl                     
00005955  GPIOPinTypeUART               
0000596b  strchr                        
00005981  IntUnregister                 
00005995  strcpy                        
000059a9  strlen                        
000059bd  wcslen                        
000059cf  IntMasterEnable               
000059df  __TI_decompress_none          
000059ed  CPUcpsie                      
000059f9  ResetISR                      
00005a11  __aeabi_errno_addr            
00005a19  GPIOPinWrite                  
00005a1f  SysCtlDelay                   
00005a25  _system_pre_init              
00005a29  C$$EXIT                       
00005a29  abort                         
00005b88  _ctypes_                      
00005e4c  __TI_Handler_Table_Base       
00005e58  __TI_Handler_Table_Limit      
00005e68  __TI_CINIT_Base               
00005e80  __TI_CINIT_Limit              
20000000  __start___llvm_prf_cnts       
20000000  __stop___llvm_prf_cnts        
20000000  g_pfnRAMVectors               
20000270  __stack                       
20000470  __STACK_TOP                   
20000670  Result                        
20000670  __STACK_END                   
200006a4  str                           
200006d8  Operation                     
200006dc  check_uart                    
200006e0  num1                          
200006e4  num2                          
200006f4  errno                         
ffffffff  __TI_pprof_out_hndl           
ffffffff  __TI_prof_data_size           
ffffffff  __TI_prof_data_start          
ffffffff  __binit__                     
ffffffff  __c_args__                    
ffffffff  binit                         
UNDEFED   __mpu_init                    
UNDEFED   _system_post_cinit            

[175 symbols]
