******************************************************************************
                  TI ARM Linker PC v20.2.0                     
******************************************************************************
>> Linked Sun Jul 12 00:42:13 2020

OUTPUT FILE NAME:   <Serial_Calculator.out>
ENTRY POINT SYMBOL: "_c_int00_noargs"  address: 00001671


MEMORY CONFIGURATION

         name            origin    length      used     unused   attr    fill
----------------------  --------  ---------  --------  --------  ----  --------
  FLASH                 00000000   00040000  00001a8c  0003e574  R  X
  SRAM                  20000000   00008000  00000516  00007aea  RW X


SEGMENT ALLOCATION MAP

run origin  load origin   length   init length attrs members
----------  ----------- ---------- ----------- ----- -------
00000000    00000000    00001a90   00001a90    r-x
  00000000    00000000    0000026c   0000026c    r-- .intvecs
  0000026c    0000026c    00001510   00001510    r-x .text
  0000177c    0000177c    00000278   00000278    r-- .const
  000019f8    000019f8    00000098   00000098    r-- .cinit
20000000    20000000    0000051a   00000000    rw-
  20000000    20000000    0000026c   00000000    rw- .vtable
  20000270    20000270    00000200   00000000    rw- .stack
  20000470    20000470    00000075   00000000    rw- .data
  200004e5    200004e5    00000035   00000000    rw- .bss


SECTION ALLOCATION MAP

 output                                  attributes/
section   page    origin      length       input sections
--------  ----  ----------  ----------   ----------------
.intvecs   0    00000000    0000026c     
                  00000000    0000026c     tm4c123gh6pm_startup_ccs.obj (.intvecs)

.text      0    0000026c    00001510     
                  0000026c    0000062e     uart.obj (.text)
                  0000089a    00000002     driverlib.lib : interrupt.obj (.text:_IntDefaultHandler)
                  0000089c    000004a8     uartstdio.obj (.text)
                  00000d44    0000025c     main.obj (.text)
                  00000fa0    0000016c     driverlib.lib : gpio.obj (.text:GPIOPadConfigSet)
                  0000110c    000000f4                   : sysctl.obj (.text:SysCtlClockSet)
                  00001200    000000e0     Serial_Cal.obj (.text)
                  000012e0    0000009c     rtsv7M4_T_le_v4SPD16_eabi.lib : memcpy_t2.asm.obj (.text)
                  0000137c    00000068     driverlib.lib : interrupt.obj (.text:IntDisable)
                  000013e4    00000068                   : interrupt.obj (.text:IntEnable)
                  0000144c    00000068     rtsv7M4_T_le_v4SPD16_eabi.lib : copy_decompress_lzss.c.obj (.text:decompress:lzss:__TI_decompress_lzss)
                  000014b4    0000004c     driverlib.lib : gpio.obj (.text:GPIOPinConfigure)
                  00001500    0000004c     rtsv7M4_T_le_v4SPD16_eabi.lib : atoi.c.obj (.text:atoi)
                  0000154c    00000044                                   : autoinit.c.obj (.text:__TI_auto_init_nobinit_nopinit:__TI_auto_init_nobinit_nopinit)
                  00001590    00000040                                   : u_divt2.asm.obj (.text)
                  000015d0    00000038     driverlib.lib : sysctl.obj (.text:SysCtlPeripheralPresent)
                  00001608    00000034                   : interrupt.obj (.text:IntRegister)
                  0000163c    00000034                   : sysctl.obj (.text:SysCtlPeripheralEnable)
                  00001670    00000034     rtsv7M4_T_le_v4SPD16_eabi.lib : boot_cortex_m.c.obj (.text:_c_int00_noargs:_c_int00_noargs)
                  000016a4    0000002c     driverlib.lib : gpio.obj (.text:GPIODirModeSet)
                  000016d0    0000001c     rtsv7M4_T_le_v4SPD16_eabi.lib : copy_zero_init.c.obj (.text:decompress:ZI:__TI_zero_init_nomemset:__TI_zero_init_nomemset)
                  000016ec    0000001a     driverlib.lib : gpio.obj (.text:GPIOPinTypeGPIOOutput)
                  00001706    00000016                   : gpio.obj (.text:GPIOPinTypeUART)
                  0000171c    00000014                   : interrupt.obj (.text:IntUnregister)
                  00001730    00000010                   : interrupt.obj (.text:IntMasterEnable)
                  00001740    0000000e     rtsv7M4_T_le_v4SPD16_eabi.lib : copy_decompress_none.c.obj (.text:decompress:none:__TI_decompress_none)
                  0000174e    0000000c     driverlib.lib : cpu.obj (.text:CPUcpsie)
                  0000175a    0000000c     tm4c123gh6pm_startup_ccs.obj (.text)
                  00001766    00000006     driverlib.lib : gpio.obj (.text:GPIOPinWrite)
                  0000176c    00000006                   : sysctl.obj (.text:SysCtlDelay)
                  00001772    00000004     rtsv7M4_T_le_v4SPD16_eabi.lib : pre_init.c.obj (.text:_system_pre_init)
                  00001776    00000004                                   : exit.c.obj (.text:abort:abort)
                  0000177a    00000002                                   : div0.asm.obj (.text)

.const     0    0000177c    00000278     
                  0000177c    00000101     rtsv7M4_T_le_v4SPD16_eabi.lib : ctype.c.obj (.const:.string:_ctypes_)
                  0000187d    00000003     --HOLE-- [fill = 0]
                  00001880    00000090     driverlib.lib : gpio.obj (.const:g_pui32GPIOBaseAddrs)
                  00001910    00000040     uart.obj (.const:g_ppui32UARTIntMap)
                  00001950    00000040     uart.obj (.const:g_ppui32UARTIntMapSnowflake)
                  00001990    00000014     driverlib.lib : interrupt.obj (.const:g_pui32Dii16Regs)
                  000019a4    00000014                   : interrupt.obj (.const:g_pui32EnRegs)
                  000019b8    00000012     uartstdio.obj (.const:.string)
                  000019ca    00000002     --HOLE-- [fill = 0]
                  000019cc    0000000c     uartstdio.obj (.const:g_ui32UARTBase)
                  000019d8    0000000c     uartstdio.obj (.const:g_ui32UARTPeriph)
                  000019e4    00000007     Serial_Cal.obj (.const:.string:$P$T0$1)
                  000019eb    00000005     main.obj (.const:.string:$P$T0$1)
                  000019f0    00000004     uartstdio.obj (.const)

.cinit     0    000019f8    00000098     
                  000019f8    00000060     (.cinit..data.load) [load image, compression = lzss]
                  00001a58    0000000c     (__TI_handler_table)
                  00001a64    00000004     --HOLE-- [fill = 0]
                  00001a68    00000008     (.cinit..bss.load) [load image, compression = zero_init]
                  00001a70    00000008     (.cinit..vtable.load) [load image, compression = zero_init]
                  00001a78    00000018     (__TI_cinit_table)

.init_array 
*          0    00000000    00000000     UNINITIALIZED

.vtable    0    20000000    0000026c     UNINITIALIZED
                  20000000    0000026c     driverlib.lib : interrupt.obj (.vtable)

.data      0    20000470    00000075     UNINITIALIZED
                  20000470    00000017     main.obj (.data:msg3)
                  20000487    00000016     main.obj (.data:msg2)
                  2000049d    00000014     main.obj (.data:msg1)
                  200004b1    00000013     main.obj (.data:msg4)
                  200004c4    00000010     main.obj (.data)
                  200004d4    0000000b     main.obj (.data:msg5)
                  200004df    00000001     --HOLE--
                  200004e0    00000005     uartstdio.obj (.data)

.bss       0    200004e5    00000035     UNINITIALIZED
                  200004e5    00000034     (.common:str)
                  20000519    00000001     (.common:Operation)

.stack     0    20000270    00000200     UNINITIALIZED
                  20000270    00000004     rtsv7M4_T_le_v4SPD16_eabi.lib : boot_cortex_m.c.obj (.stack)
                  20000274    000001fc     --HOLE--

__llvm_prf_cnts 
*          0    20000000    00000000     UNINITIALIZED

MODULE SUMMARY

       Module                         code   ro data   rw data
       ------                         ----   -------   -------
    .\
       uart.obj                       1582   128       0      
       uartstdio.obj                  1192   46        5      
       main.obj                       604    5         164    
       tm4c123gh6pm_startup_ccs.obj   12     620       0      
    +--+------------------------------+------+---------+---------+
       Total:                         3390   799       169    
                                                              
    .\Mylib\
       Serial_Cal.obj                 224    7         0      
    +--+------------------------------+------+---------+---------+
       Total:                         224    7         0      
                                                              
    C:/ti/TivaWare_C_Series-2.2.0.295/driverlib/ccs/Debug/driverlib.lib
       interrupt.obj                  298    40        620    
       gpio.obj                       538    144       0      
       sysctl.obj                     358    0         0      
       cpu.obj                        12     0         0      
    +--+------------------------------+------+---------+---------+
       Total:                         1206   184       620    
                                                              
    C:\ti\ccs1000\ccs\tools\compiler\ti-cgt-arm_20.2.0.LTS\lib\rtsv7M4_T_le_v4SPD16_eabi.lib
       ctype.c.obj                    0      257       0      
       memcpy_t2.asm.obj              156    0         0      
       copy_decompress_lzss.c.obj     104    0         0      
       atoi.c.obj                     76     0         0      
       autoinit.c.obj                 68     0         0      
       u_divt2.asm.obj                64     0         0      
       boot_cortex_m.c.obj            52     0         0      
       copy_zero_init.c.obj           28     0         0      
       copy_decompress_none.c.obj     14     0         0      
       exit.c.obj                     4      0         0      
       pre_init.c.obj                 4      0         0      
       div0.asm.obj                   2      0         0      
    +--+------------------------------+------+---------+---------+
       Total:                         572    257       0      
                                                              
       Stack:                         0      0         512    
       Linker Generated:              0      148       0      
    +--+------------------------------+------+---------+---------+
       Grand Total:                   5392   1395      1301   


LINKER GENERATED COPY TABLES

__TI_cinit_table @ 00001a78 records: 3, size/record: 8, table size: 24
	.data: load addr=000019f8, load size=00000060 bytes, run addr=20000470, run size=00000075 bytes, compression=lzss
	.bss: load addr=00001a68, load size=00000008 bytes, run addr=200004e5, run size=00000035 bytes, compression=zero_init
	.vtable: load addr=00001a70, load size=00000008 bytes, run addr=20000000, run size=0000026c bytes, compression=zero_init


LINKER GENERATED HANDLER TABLE

__TI_handler_table @ 00001a58 records: 3, size/record: 4, table size: 12
	index: 0, handler: __TI_zero_init
	index: 1, handler: __TI_decompress_lzss
	index: 2, handler: __TI_decompress_none


GLOBAL SYMBOLS: SORTED ALPHABETICALLY BY Name 

address   name                          
-------   ----                          
00001777  C$$EXIT                       
0000174f  CPUcpsie                      
0000121b  Check_Number                  
0000125b  Check_Oper                    
000016a5  GPIODirModeSet                
00000fa1  GPIOPadConfigSet              
000014b5  GPIOPinConfigure              
000016ed  GPIOPinTypeGPIOOutput         
00001707  GPIOPinTypeUART               
00001767  GPIOPinWrite                  
00000e75  InitConsole                   
0000137d  IntDisable                    
000013e5  IntEnable                     
00001731  IntMasterEnable               
00001609  IntRegister                   
0000171d  IntUnregister                 
20000519  Operation                     
0000175b  ResetISR                      
0000110d  SysCtlClockSet                
0000176d  SysCtlDelay                   
0000163d  SysCtlPeripheralEnable        
000015d1  SysCtlPeripheralPresent       
0000083d  UART9BitAddrSend              
00000817  UART9BitAddrSet               
00000801  UART9BitDisable               
000007eb  UART9BitEnable                
0000068f  UARTBreakCtl                  
000006b9  UARTBusy                      
00000637  UARTCharGet                   
0000061b  UARTCharGetNonBlocking        
00000671  UARTCharPut                   
0000064d  UARTCharPutNonBlocking        
000005df  UARTCharsAvail                
000007db  UARTClockSourceGet            
000007c7  UARTClockSourceSet            
000003af  UARTConfigGetExpClk           
00000339  UARTConfigSetExpClk           
0000078d  UARTDMADisable                
00000775  UARTDMAEnable                 
0000041f  UARTDisable                   
000004a3  UARTDisableSIR                
000003fb  UARTEnable                    
00000475  UARTEnableSIR                 
0000045f  UARTFIFODisable               
00000449  UARTFIFOEnable                
00000311  UARTFIFOLevelGet              
000002f9  UARTFIFOLevelSet              
0000059f  UARTFlowControlGet            
00000583  UARTFlowControlSet            
00000763  UARTIntClear                  
0000072d  UARTIntDisable                
00000715  UARTIntEnable                 
00000eb1  UARTIntHandler                
000006d7  UARTIntRegister               
00000745  UARTIntStatus                 
000006f5  UARTIntUnregister             
00000885  UARTLoopbackEnable            
00000539  UARTModemControlClear         
0000055d  UARTModemControlGet           
00000501  UARTModemControlSet           
0000056f  UARTModemStatusGet            
000002e7  UARTParityModeGet             
000002cb  UARTParityModeSet             
000007b7  UARTRxErrorClear              
000007a5  UARTRxErrorGet                
000004eb  UARTSmartCardDisable          
000004b9  UARTSmartCardEnable           
000005fd  UARTSpaceAvail                
0000089d  UARTStdioConfig               
000005cd  UARTTxIntModeGet              
000005b1  UARTTxIntModeSet              
000009ed  UARTgetc                      
00000933  UARTgets                      
00000d0f  UARTprintf                    
00000a15  UARTvprintf                   
000008e3  UARTwrite                     
20000470  __STACK_END                   
00000200  __STACK_SIZE                  
20000470  __STACK_TOP                   
00001a78  __TI_CINIT_Base               
00001a90  __TI_CINIT_Limit              
00001a58  __TI_Handler_Table_Base       
00001a64  __TI_Handler_Table_Limit      
0000154d  __TI_auto_init_nobinit_nopinit
0000144d  __TI_decompress_lzss          
00001741  __TI_decompress_none          
ffffffff  __TI_pprof_out_hndl           
ffffffff  __TI_prof_data_size           
ffffffff  __TI_prof_data_start          
00000000  __TI_static_base__            
000016d1  __TI_zero_init_nomemset       
0000177b  __aeabi_idiv0                 
0000177b  __aeabi_ldiv0                 
000012e1  __aeabi_memcpy                
000012e1  __aeabi_memcpy4               
000012e1  __aeabi_memcpy8               
00001591  __aeabi_uidiv                 
00001591  __aeabi_uidivmod              
ffffffff  __binit__                     
ffffffff  __c_args__                    
UNDEFED   __mpu_init                    
20000270  __stack                       
20000000  __start___llvm_prf_cnts       
20000000  __stop___llvm_prf_cnts        
00001671  _c_int00_noargs               
0000177c  _ctypes_                      
UNDEFED   _system_post_cinit            
00001773  _system_pre_init              
00001777  abort                         
00001501  atoi                          
00001201  baoloi                        
ffffffff  binit                         
200004c4  check_uart                    
20000000  g_pfnRAMVectors               
00000000  g_pfnVectors                  
00000d45  main                          
000012e1  memcpy                        
2000049d  msg1                          
20000487  msg2                          
20000470  msg3                          
200004b1  msg4                          
200004d4  msg5                          
200004c8  num1                          
200004cc  num2                          
200004e5  str                           


GLOBAL SYMBOLS: SORTED BY Symbol Address 

address   name                          
-------   ----                          
00000000  __TI_static_base__            
00000000  g_pfnVectors                  
00000200  __STACK_SIZE                  
000002cb  UARTParityModeSet             
000002e7  UARTParityModeGet             
000002f9  UARTFIFOLevelSet              
00000311  UARTFIFOLevelGet              
00000339  UARTConfigSetExpClk           
000003af  UARTConfigGetExpClk           
000003fb  UARTEnable                    
0000041f  UARTDisable                   
00000449  UARTFIFOEnable                
0000045f  UARTFIFODisable               
00000475  UARTEnableSIR                 
000004a3  UARTDisableSIR                
000004b9  UARTSmartCardEnable           
000004eb  UARTSmartCardDisable          
00000501  UARTModemControlSet           
00000539  UARTModemControlClear         
0000055d  UARTModemControlGet           
0000056f  UARTModemStatusGet            
00000583  UARTFlowControlSet            
0000059f  UARTFlowControlGet            
000005b1  UARTTxIntModeSet              
000005cd  UARTTxIntModeGet              
000005df  UARTCharsAvail                
000005fd  UARTSpaceAvail                
0000061b  UARTCharGetNonBlocking        
00000637  UARTCharGet                   
0000064d  UARTCharPutNonBlocking        
00000671  UARTCharPut                   
0000068f  UARTBreakCtl                  
000006b9  UARTBusy                      
000006d7  UARTIntRegister               
000006f5  UARTIntUnregister             
00000715  UARTIntEnable                 
0000072d  UARTIntDisable                
00000745  UARTIntStatus                 
00000763  UARTIntClear                  
00000775  UARTDMAEnable                 
0000078d  UARTDMADisable                
000007a5  UARTRxErrorGet                
000007b7  UARTRxErrorClear              
000007c7  UARTClockSourceSet            
000007db  UARTClockSourceGet            
000007eb  UART9BitEnable                
00000801  UART9BitDisable               
00000817  UART9BitAddrSet               
0000083d  UART9BitAddrSend              
00000885  UARTLoopbackEnable            
0000089d  UARTStdioConfig               
000008e3  UARTwrite                     
00000933  UARTgets                      
000009ed  UARTgetc                      
00000a15  UARTvprintf                   
00000d0f  UARTprintf                    
00000d45  main                          
00000e75  InitConsole                   
00000eb1  UARTIntHandler                
00000fa1  GPIOPadConfigSet              
0000110d  SysCtlClockSet                
00001201  baoloi                        
0000121b  Check_Number                  
0000125b  Check_Oper                    
000012e1  __aeabi_memcpy                
000012e1  __aeabi_memcpy4               
000012e1  __aeabi_memcpy8               
000012e1  memcpy                        
0000137d  IntDisable                    
000013e5  IntEnable                     
0000144d  __TI_decompress_lzss          
000014b5  GPIOPinConfigure              
00001501  atoi                          
0000154d  __TI_auto_init_nobinit_nopinit
00001591  __aeabi_uidiv                 
00001591  __aeabi_uidivmod              
000015d1  SysCtlPeripheralPresent       
00001609  IntRegister                   
0000163d  SysCtlPeripheralEnable        
00001671  _c_int00_noargs               
000016a5  GPIODirModeSet                
000016d1  __TI_zero_init_nomemset       
000016ed  GPIOPinTypeGPIOOutput         
00001707  GPIOPinTypeUART               
0000171d  IntUnregister                 
00001731  IntMasterEnable               
00001741  __TI_decompress_none          
0000174f  CPUcpsie                      
0000175b  ResetISR                      
00001767  GPIOPinWrite                  
0000176d  SysCtlDelay                   
00001773  _system_pre_init              
00001777  C$$EXIT                       
00001777  abort                         
0000177b  __aeabi_idiv0                 
0000177b  __aeabi_ldiv0                 
0000177c  _ctypes_                      
00001a58  __TI_Handler_Table_Base       
00001a64  __TI_Handler_Table_Limit      
00001a78  __TI_CINIT_Base               
00001a90  __TI_CINIT_Limit              
20000000  __start___llvm_prf_cnts       
20000000  __stop___llvm_prf_cnts        
20000000  g_pfnRAMVectors               
20000270  __stack                       
20000470  __STACK_END                   
20000470  __STACK_TOP                   
20000470  msg3                          
20000487  msg2                          
2000049d  msg1                          
200004b1  msg4                          
200004c4  check_uart                    
200004c8  num1                          
200004cc  num2                          
200004d4  msg5                          
200004e5  str                           
20000519  Operation                     
ffffffff  __TI_pprof_out_hndl           
ffffffff  __TI_prof_data_size           
ffffffff  __TI_prof_data_start          
ffffffff  __binit__                     
ffffffff  __c_args__                    
ffffffff  binit                         
UNDEFED   __mpu_init                    
UNDEFED   _system_post_cinit            

[125 symbols]
